BL51 BANKED LINKER/LOCATER V6.22.2.0                                                    04/10/2019  21:26:42  PAGE 1


BL51 BANKED LINKER/LOCATER V6.22.2.0, INVOKED BY:
C:\KEIL_V5\C51\BIN\BL51.EXE .\Objects\main.obj TO .\Objects\test PRINT (.\Listings\test.m51) RAMSIZE (256)


MEMORY MODEL: SMALL


INPUT MODULES INCLUDED:
  .\Objects\main.obj (MAIN)
  C:\KEIL_V5\C51\LIB\C51S.LIB (?C_STARTUP)
  C:\KEIL_V5\C51\LIB\C51S.LIB (?C?COPY)
  C:\KEIL_V5\C51\LIB\C51S.LIB (?C?CLDPTR)
  C:\KEIL_V5\C51\LIB\C51S.LIB (?C?CCASE)
  C:\KEIL_V5\C51\LIB\C51S.LIB (?C_INIT)


LINK MAP OF MODULE:  .\Objects\test (MAIN)


            TYPE    BASE      LENGTH    RELOCATION   SEGMENT NAME
            -----------------------------------------------------

            * * * * * * *   D A T A   M E M O R Y   * * * * * * *
            REG     0000H     0008H     ABSOLUTE     "REG BANK 0"
            DATA    0008H     0029H     UNIT         ?DT?MAIN
            DATA    0031H     0005H     UNIT         _DATA_GROUP_
            IDATA   0036H     0001H     UNIT         ?STACK

            * * * * * * *   C O D E   M E M O R Y   * * * * * * *
            CODE    0000H     0003H     ABSOLUTE     
            CODE    0003H     0003H     ABSOLUTE     
            CODE    0006H     0005H     UNIT         ?PR?LCD1602_TURN_LEFT?MAIN
            CODE    000BH     0003H     ABSOLUTE     
            CODE    000EH     0005H     UNIT         ?PR?LCD1602_TURN_RIGHT?MAIN
            CODE    0013H     0003H     ABSOLUTE     
            CODE    0016H     000AH     UNIT         ?PR?LCD1602_CLEAR?MAIN
            CODE    0020H     0003H     UNIT         ?PR?INTERRUPT0?MAIN
            CODE    0023H     0003H     ABSOLUTE     
            CODE    0026H     01F5H     UNIT         ?PR?MAIN?MAIN
            CODE    021BH     0135H     UNIT         ?C?LIB_CODE
            CODE    0350H     00C5H     UNIT         ?PR?KEYSCAN?MAIN
            CODE    0415H     008CH     UNIT         ?C_C51STARTUP
            CODE    04A1H     007FH     UNIT         ?PR?COM_INT?MAIN
            CODE    0520H     007EH     UNIT         ?PR?T0_TIME?MAIN
            CODE    059EH     0068H     UNIT         ?PR?_MOVE?MAIN
            CODE    0606H     003CH     UNIT         ?PR?INTERRUPT1?MAIN
            CODE    0642H     0035H     UNIT         ?C_INITSEG
            CODE    0677H     0030H     UNIT         ?PR?_LCD1602_WRITE_STRING?MAIN
            CODE    06A7H     0028H     UNIT         ?PR?LCD1602_INIT?MAIN
            CODE    06CFH     0025H     UNIT         ?PR?_DELAYMS?MAIN
            CODE    06F4H     001FH     UNIT         ?PR?_LCD1602_WRITE_CHAR?MAIN
            CODE    0713H     0018H     UNIT         ?PR?TIMER_INIT?MAIN
            CODE    072BH     0016H     UNIT         ?PR?USARTCONFIGURATION?MAIN
            CODE    0741H     0015H     UNIT         ?PR?_LCD1602_WRITE_CMD?MAIN
            CODE    0756H     0015H     UNIT         ?PR?_LCD1602_WRITE_DATA?MAIN
            CODE    076BH     0013H     UNIT         ?CO?MAIN
            CODE    077EH     0010H     UNIT         ?PR?KEYPRESS?MAIN

BL51 BANKED LINKER/LOCATER V6.22.2.0                                                  04/10/2019  21:26:42  PAGE 2




OVERLAY MAP OF MODULE:   .\Objects\test (MAIN)


SEGMENT                                  DATA_GROUP 
  +--> CALLED SEGMENT                  START    LENGTH
------------------------------------------------------
?PR?T0_TIME?MAIN                       -----    -----
  +--> ?PR?_MOVE?MAIN

?PR?_MOVE?MAIN                         -----    -----
  +--> ?PR?_DELAYMS?MAIN

*** NEW ROOT ***************************************************

?PR?INTERRUPT1?MAIN                    -----    -----
  +--> ?PR?_MOVE?MAIN

*** NEW ROOT ***************************************************

?PR?COM_INT?MAIN                       -----    -----
  +--> ?PR?_DELAYMS?MAIN

*** NEW ROOT ***************************************************

?C_C51STARTUP                          -----    -----
  +--> ?PR?MAIN?MAIN
  +--> ?C_INITSEG

?PR?MAIN?MAIN                          0031H    0004H
  +--> ?CO?MAIN
  +--> ?PR?LCD1602_INIT?MAIN
  +--> ?PR?TIMER_INIT?MAIN
  +--> ?PR?USARTCONFIGURATION?MAIN
  +--> ?PR?LCD1602_CLEAR?MAIN
  +--> ?PR?_LCD1602_WRITE_STRING?MAIN
  +--> ?PR?_LCD1602_WRITE_CHAR?MAIN
  +--> ?PR?KEYPRESS?MAIN
  +--> ?PR?KEYSCAN?MAIN
  +--> ?PR?_DELAYMS?MAIN
  +--> ?PR?_MOVE?MAIN
  +--> ?PR?LCD1602_TURN_RIGHT?MAIN
  +--> ?PR?LCD1602_TURN_LEFT?MAIN

?PR?LCD1602_INIT?MAIN                  -----    -----
  +--> ?PR?_LCD1602_WRITE_CMD?MAIN
  +--> ?PR?_DELAYMS?MAIN

?PR?_LCD1602_WRITE_CMD?MAIN            -----    -----
  +--> ?PR?_DELAYMS?MAIN

?PR?LCD1602_CLEAR?MAIN                 -----    -----
  +--> ?PR?_LCD1602_WRITE_CMD?MAIN
  +--> ?PR?_DELAYMS?MAIN

?PR?_LCD1602_WRITE_STRING?MAIN         -----    -----
BL51 BANKED LINKER/LOCATER V6.22.2.0                                                  04/10/2019  21:26:42  PAGE 3


  +--> ?PR?_LCD1602_WRITE_CMD?MAIN
  +--> ?PR?_LCD1602_WRITE_DATA?MAIN
  +--> ?PR?_DELAYMS?MAIN

?PR?_LCD1602_WRITE_DATA?MAIN           -----    -----
  +--> ?PR?_DELAYMS?MAIN

?PR?_LCD1602_WRITE_CHAR?MAIN           -----    -----
  +--> ?PR?_LCD1602_WRITE_CMD?MAIN
  +--> ?PR?_LCD1602_WRITE_DATA?MAIN

?PR?KEYSCAN?MAIN                       0035H    0001H
  +--> ?PR?_DELAYMS?MAIN
  +--> ?PR?KEYPRESS?MAIN

?PR?LCD1602_TURN_RIGHT?MAIN            -----    -----
  +--> ?PR?_LCD1602_WRITE_CMD?MAIN

?PR?LCD1602_TURN_LEFT?MAIN             -----    -----
  +--> ?PR?_LCD1602_WRITE_CMD?MAIN



SYMBOL TABLE OF MODULE:  .\Objects\test (MAIN)

  VALUE           TYPE          NAME
  ----------------------------------

  -------         MODULE        MAIN
  C:0000H         SYMBOL        _ICE_DUMMY_
  D:0080H         PUBLIC        P0
  D:0090H         PUBLIC        P1
  D:0008H         PUBLIC        KEYIN
  D:00A0H         PUBLIC        P2
  D:00B0H         PUBLIC        P3
  C:0020H         PUBLIC        Interrupt0
  C:0606H         PUBLIC        Interrupt1
  B:00A8H.7       PUBLIC        EA
  D:0009H         PUBLIC        PuZh
  C:0677H         PUBLIC        _lcd1602_write_string
  C:0756H         PUBLIC        _lcd1602_write_data
  D:00A8H         PUBLIC        IE
  C:06FAH         PUBLIC        _lcd1602_write_char
  C:06A7H         PUBLIC        lcd1602_init
  B:00A8H.4       PUBLIC        ES
  C:05A2H         PUBLIC        _Move
  D:00B8H         PUBLIC        IP
  D:002BH         PUBLIC        level
  D:002CH         PUBLIC        dishu_shiji
  B:0098H.0       PUBLIC        RI
  B:0098H.1       PUBLIC        TI
  C:0741H         PUBLIC        _lcd1602_write_cmd
  B:00A0H.0       PUBLIC        buzzer
  C:0026H         PUBLIC        main
  C:04A1H         PUBLIC        Com_Int
  C:000EH         PUBLIC        lcd1602_turn_right
  D:0099H         PUBLIC        SBUF
BL51 BANKED LINKER/LOCATER V6.22.2.0                                                  04/10/2019  21:26:42  PAGE 4


  D:0087H         PUBLIC        PCON
  C:0350H         PUBLIC        KeyScan
  B:00A0H.5       PUBLIC        lcd1602_en
  C:06E0H         PUBLIC        _DelayMs
  D:0098H         PUBLIC        SCON
  D:0089H         PUBLIC        TMOD
  D:0088H         PUBLIC        TCON
  C:0006H         PUBLIC        lcd1602_turn_left
  C:077EH         PUBLIC        KeyPress
  C:077BH         SYMBOL        _?ix1000
  B:00A0H.7       PUBLIC        lcd1602_rs
  B:00A0H.6       PUBLIC        lcd1602_rw
  B:00A8H.1       PUBLIC        ET0
  D:008CH         PUBLIC        TH0
  B:00A8H.0       PUBLIC        EX0
  B:0088H.0       PUBLIC        IT0
  D:008DH         PUBLIC        TH1
  B:00A8H.2       PUBLIC        EX1
  B:0088H.2       PUBLIC        IT1
  D:008AH         PUBLIC        TL0
  D:008BH         PUBLIC        TL1
  B:0088H.4       PUBLIC        TR0
  B:0088H.6       PUBLIC        TR1
  D:002DH         PUBLIC        diandi_number
  D:002EH         PUBLIC        dishu_sheding
  D:00C8H         PUBLIC        T2CON
  C:0016H         PUBLIC        lcd1602_clear
  D:002FH         PUBLIC        Number
  B:00A0H.1       PUBLIC        A1
  B:00A0H.2       PUBLIC        B1
  D:0030H         PUBLIC        Speed
  B:00A0H.3       PUBLIC        C1
  C:072BH         PUBLIC        UsartConfiguration
  B:00A0H.4       PUBLIC        D1
  C:0520H         PUBLIC        T0_Time
  C:0713H         PUBLIC        Timer_Init
  D:00D0H         PUBLIC        PSW
  C:06DAH         SYMBOL        L?0138
  C:06DCH         SYMBOL        L?0139
  -------         PROC          L?0137
  -------         ENDPROC       L?0137
  C:06DAH         SYMBOL        L?0138
  C:06DCH         SYMBOL        L?0139
  -------         PROC          _DELAYMS
  D:0007H         SYMBOL        i
  -------         DO            
  D:0005H         SYMBOL        x
  D:0006H         SYMBOL        j
  -------         ENDDO         
  C:06E0H         LINE#         16
  C:06E0H         LINE#         17
  C:06E0H         LINE#         20
  C:06E7H         LINE#         21
  C:06F3H         LINE#         22
  -------         ENDPROC       _DELAYMS
  -------         PROC          _LCD1602_WRITE_CMD
  D:0007H         SYMBOL        cmd
BL51 BANKED LINKER/LOCATER V6.22.2.0                                                  04/10/2019  21:26:42  PAGE 5


  C:0741H         LINE#         14
  C:0741H         LINE#         15
  C:0741H         LINE#         18
  C:0743H         LINE#         19
  C:0745H         LINE#         20
  C:0747H         LINE#         21
  C:0749H         LINE#         22
  C:074EH         LINE#         23
  C:0750H         LINE#         24
  C:0753H         LINE#         25
  C:0755H         LINE#         26
  -------         ENDPROC       _LCD1602_WRITE_CMD
  -------         PROC          _LCD1602_WRITE_DATA
  D:0007H         SYMBOL        dat
  C:0756H         LINE#         30
  C:0756H         LINE#         31
  C:0756H         LINE#         34
  C:0758H         LINE#         35
  C:075AH         LINE#         36
  C:075CH         LINE#         37
  C:075EH         LINE#         38
  C:0763H         LINE#         39
  C:0765H         LINE#         40
  C:0768H         LINE#         41
  C:076AH         LINE#         43
  -------         ENDPROC       _LCD1602_WRITE_DATA
  -------         PROC          LCD1602_INIT
  C:06A7H         LINE#         47
  C:06A7H         LINE#         48
  C:06A7H         LINE#         49
  C:06A9H         LINE#         50
  C:06AEH         LINE#         51
  C:06B3H         LINE#         52
  C:06B8H         LINE#         53
  C:06BDH         LINE#         54
  C:06C2H         LINE#         55
  C:06C7H         LINE#         56
  C:06CAH         LINE#         57
  -------         ENDPROC       LCD1602_INIT
  -------         PROC          LCD1602_CLEAR
  C:0016H         LINE#         63
  C:0016H         LINE#         64
  C:0016H         LINE#         65
  C:001BH         LINE#         66
  -------         ENDPROC       LCD1602_CLEAR
  -------         PROC          LCD1602_TURN_LEFT
  C:0006H         LINE#         71
  C:0006H         LINE#         72
  C:0006H         LINE#         73
  -------         ENDPROC       LCD1602_TURN_LEFT
  -------         PROC          LCD1602_TURN_RIGHT
  C:000EH         LINE#         78
  C:000EH         LINE#         79
  C:000EH         LINE#         80
  -------         ENDPROC       LCD1602_TURN_RIGHT
  -------         PROC          L?0140
  -------         ENDPROC       L?0140
BL51 BANKED LINKER/LOCATER V6.22.2.0                                                  04/10/2019  21:26:42  PAGE 6


  -------         PROC          _LCD1602_WRITE_CHAR
  D:0006H         SYMBOL        x
  D:0005H         SYMBOL        y
  D:0003H         SYMBOL        dat
  -------         DO            
  D:0004H         SYMBOL        address
  -------         ENDDO         
  C:06FAH         LINE#         85
  C:06FCH         LINE#         86
  C:06FCH         LINE#         88
  C:06FFH         LINE#         89
  C:0705H         LINE#         91
  C:0709H         LINE#         92
  C:070EH         LINE#         93
  -------         ENDPROC       _LCD1602_WRITE_CHAR
  -------         PROC          _LCD1602_WRITE_STRING
  D:0007H         SYMBOL        x
  D:0005H         SYMBOL        y
  D:0001H         SYMBOL        dat
  -------         DO            
  D:0004H         SYMBOL        address
  -------         ENDDO         
  C:0677H         LINE#         98
  C:0677H         LINE#         99
  C:0677H         LINE#         101
  C:067AH         LINE#         102
  C:0680H         LINE#         103
  C:0683H         LINE#         104
  C:0687H         LINE#         105
  C:068CH         LINE#         106
  C:0695H         LINE#         107
  C:0695H         LINE#         108
  C:0698H         LINE#         109
  C:069FH         LINE#         110
  C:06A4H         LINE#         111
  C:06A6H         LINE#         112
  -------         ENDPROC       _LCD1602_WRITE_STRING
  C:059EH         SYMBOL        L?0142
  -------         PROC          L?0141
  -------         ENDPROC       L?0141
  C:059EH         SYMBOL        L?0142
  -------         PROC          _MOVE
  D:0003H         SYMBOL        flag
  D:0004H         SYMBOL        s
  C:05A2H         LINE#         27
  C:05A6H         LINE#         28
  C:05A6H         LINE#         29
  C:05A9H         LINE#         30
  C:05B1H         LINE#         31
  C:05B6H         LINE#         32
  C:05B6H         LINE#         34
  C:05BCH         LINE#         35
  C:05BCH         LINE#         36
  C:05C2H         LINE#         37
  C:05C2H         LINE#         39
  C:05C2H         LINE#         40
  C:05C5H         LINE#         41
BL51 BANKED LINKER/LOCATER V6.22.2.0                                                  04/10/2019  21:26:42  PAGE 7


  C:05CBH         LINE#         42
  C:05CEH         LINE#         43
  C:05D6H         LINE#         44
  C:05DBH         LINE#         45
  C:05DDH         LINE#         46
  C:05E0H         LINE#         47
  C:05E0H         LINE#         49
  C:05E6H         LINE#         50
  C:05E6H         LINE#         51
  C:05EEH         LINE#         52
  C:05F3H         LINE#         54
  C:05F9H         LINE#         55
  C:05F9H         LINE#         56
  C:05F9H         LINE#         57
  C:05FCH         LINE#         58
  C:0600H         LINE#         59
  C:0603H         LINE#         60
  C:0605H         LINE#         61
  C:0605H         LINE#         62
  -------         ENDPROC       _MOVE
  -------         PROC          KEYPRESS
  -------         DO            
  D:0007H         SYMBOL        keypress
  -------         ENDDO         
  C:077EH         LINE#         7
  C:077EH         LINE#         8
  C:077EH         LINE#         10
  C:0781H         LINE#         11
  C:0783H         LINE#         12
  C:0786H         LINE#         13
  C:0786H         LINE#         14
  C:0789H         LINE#         15
  C:0789H         LINE#         17
  C:0789H         LINE#         18
  C:078BH         LINE#         19
  C:078DH         LINE#         20
  C:078DH         LINE#         21
  -------         ENDPROC       KEYPRESS
  -------         PROC          KEYSCAN
  -------         DO            
  D:0007H         SYMBOL        keyout
  D:0006H         SYMBOL        index
  D:0007H         SYMBOL        keycode
  D:0035H         SYMBOL        keyvalue
  -------         ENDDO         
  C:0350H         LINE#         25
  C:0350H         LINE#         26
  C:0350H         LINE#         28
  C:0355H         LINE#         29
  C:0358H         LINE#         30
  C:035AH         LINE#         31
  C:0363H         LINE#         32
  C:0363H         LINE#         33
  C:0363H         LINE#         34
  C:0363H         LINE#         35
  C:0372H         LINE#         36
  C:0373H         LINE#         37
BL51 BANKED LINKER/LOCATER V6.22.2.0                                                  04/10/2019  21:26:42  PAGE 8


  C:0376H         LINE#         38
  C:037BH         LINE#         39
  C:0383H         LINE#         40
  C:0383H         LINE#         41
  C:0386H         LINE#         42
  C:0386H         LINE#         43
  C:0386H         LINE#         45
  C:0386H         LINE#         46
  C:03BDH         LINE#         47
  C:03BDH         LINE#         48
  C:03C2H         LINE#         49
  C:03C7H         LINE#         50
  C:03CCH         LINE#         51
  C:03D1H         LINE#         53
  C:03D6H         LINE#         54
  C:03DBH         LINE#         55
  C:03E0H         LINE#         56
  C:03E5H         LINE#         58
  C:03EAH         LINE#         59
  C:03EFH         LINE#         60
  C:03F4H         LINE#         61
  C:03F9H         LINE#         63
  C:03FEH         LINE#         64
  C:0403H         LINE#         65
  C:0408H         LINE#         66
  C:040DH         LINE#         67
  C:040DH         LINE#         68
  C:040DH         LINE#         69
  C:040FH         LINE#         71
  C:040FH         LINE#         72
  C:0412H         LINE#         73
  C:0412H         LINE#         74
  C:0414H         LINE#         75
  -------         ENDPROC       KEYSCAN
  -------         PROC          TIMER_INIT
  C:0713H         LINE#         22
  C:0713H         LINE#         23
  C:0713H         LINE#         24
  C:0716H         LINE#         26
  C:0719H         LINE#         27
  C:071CH         LINE#         29
  C:071EH         LINE#         31
  C:0720H         LINE#         33
  C:0722H         LINE#         35
  C:0724H         LINE#         36
  C:0726H         LINE#         37
  C:0728H         LINE#         38
  C:072AH         LINE#         39
  -------         ENDPROC       TIMER_INIT
  -------         PROC          USARTCONFIGURATION
  C:072BH         LINE#         48
  C:072BH         LINE#         49
  C:072BH         LINE#         50
  C:072EH         LINE#         51
  C:0731H         LINE#         52
  C:0734H         LINE#         53
  C:0737H         LINE#         54
BL51 BANKED LINKER/LOCATER V6.22.2.0                                                  04/10/2019  21:26:42  PAGE 9


  C:073AH         LINE#         55
  C:073CH         LINE#         56
  C:073EH         LINE#         57
  C:0740H         LINE#         58
  -------         ENDPROC       USARTCONFIGURATION
  -------         PROC          INTERRUPT0
  C:0020H         LINE#         64
  C:0020H         LINE#         66
  C:0022H         LINE#         67
  -------         ENDPROC       INTERRUPT0
  -------         PROC          T0_TIME
  C:0520H         LINE#         71
  C:0533H         LINE#         74
  C:0536H         LINE#         75
  C:0539H         LINE#         76
  C:053BH         LINE#         77
  C:0541H         LINE#         78
  C:0541H         LINE#         79
  C:0543H         LINE#         80
  C:054BH         LINE#         81
  C:0553H         LINE#         82
  C:0553H         LINE#         83
  C:0555H         LINE#         84
  C:055CH         LINE#         85
  C:055CH         LINE#         86
  C:0560H         LINE#         87
  C:0560H         LINE#         88
  C:0562H         LINE#         89
  C:0577H         LINE#         90
  C:0577H         LINE#         91
  C:0579H         LINE#         92
  C:0580H         LINE#         93
  C:0580H         LINE#         94
  C:0583H         LINE#         95
  C:0583H         LINE#         96
  C:058AH         LINE#         97
  C:058AH         LINE#         100
  C:058DH         LINE#         101
  C:058DH         LINE#         102
  -------         ENDPROC       T0_TIME
  -------         PROC          INTERRUPT1
  -------         DO            
  D:0002H         SYMBOL        i
  -------         ENDDO         
  C:0606H         LINE#         106
  C:0619H         LINE#         108
  C:061BH         LINE#         109
  C:0626H         LINE#         110
  C:0626H         LINE#         111
  C:0629H         LINE#         112
  C:062CH         LINE#         113
  C:062FH         LINE#         114
  C:0631H         LINE#         115
  -------         ENDPROC       INTERRUPT1
  -------         PROC          COM_INT
  -------         DO            
  D:0003H         SYMBOL        i
BL51 BANKED LINKER/LOCATER V6.22.2.0                                                  04/10/2019  21:26:42  PAGE 10


  D:0004H         SYMBOL        receive_data
  -------         ENDDO         
  C:04A1H         LINE#         122
  C:04B6H         LINE#         127
  C:04B8H         LINE#         129
  C:04BBH         LINE#         130
  C:04BBH         LINE#         131
  C:04BDH         LINE#         132
  C:04BFH         LINE#         134
  C:04C4H         LINE#         135
  C:04C4H         LINE#         136
  C:04CEH         LINE#         137
  C:04DEH         LINE#         138
  C:04EAH         LINE#         139
  C:04EDH         LINE#         140
  C:04EFH         LINE#         141
  C:04EFH         LINE#         142
  C:04F6H         LINE#         143
  C:04F9H         LINE#         144
  C:04FBH         LINE#         145
  C:0500H         LINE#         147
  C:0506H         LINE#         148
  C:0506H         LINE#         149
  C:0509H         LINE#         150
  C:0509H         LINE#         151
  C:050BH         LINE#         152
  C:050BH         LINE#         154
  C:050BH         LINE#         157
  C:050DH         LINE#         158
  -------         ENDPROC       COM_INT
  -------         PROC          MAIN
  -------         DO            
  D:0002H         SYMBOL        keyvalue
  D:0001H         SYMBOL        k
  D:0031H         SYMBOL        value
  D:0034H         SYMBOL        i
  -------         ENDDO         
  C:0026H         LINE#         161
  C:0026H         LINE#         162
  C:0026H         LINE#         166
  C:0039H         LINE#         169
  C:003BH         LINE#         170
  C:003EH         LINE#         171
  C:0041H         LINE#         172
  C:0044H         LINE#         175
  C:0044H         LINE#         176
  C:0044H         LINE#         177
  C:0047H         LINE#         178
  C:0053H         LINE#         179
  C:005EH         LINE#         180
  C:0069H         LINE#         181
  C:0074H         LINE#         182
  C:007EH         LINE#         183
  C:008EH         LINE#         184
  C:00A0H         LINE#         187
  C:00A9H         LINE#         188
  C:00A9H         LINE#         189
BL51 BANKED LINKER/LOCATER V6.22.2.0                                                  04/10/2019  21:26:42  PAGE 11


  C:00AEH         LINE#         191
  C:00B3H         LINE#         192
  C:00B3H         LINE#         193
  C:00B8H         LINE#         194
  C:00B8H         LINE#         195
  C:00B8H         LINE#         196
  C:00BEH         LINE#         197
  C:00BEH         LINE#         198
  C:00C3H         LINE#         199
  C:00C6H         LINE#         200
  C:00C6H         LINE#         201
  C:00C9H         LINE#         202
  C:00C9H         LINE#         203
  C:00CCH         LINE#         204
  C:00CCH         LINE#         205
  C:00D3H         LINE#         206
  C:00D3H         LINE#         207
  C:00D6H         LINE#         208
  C:00D6H         LINE#         209
  C:00D9H         LINE#         210
  C:00DBH         LINE#         211
  C:00DBH         LINE#         212
  C:00E3H         LINE#         213
  C:00E3H         LINE#         214
  C:00E3H         LINE#         215
  C:00E3H         LINE#         217
  C:00E8H         LINE#         218
  C:00E8H         LINE#         219
  C:00EDH         LINE#         220
  C:00EDH         LINE#         221
  C:00EDH         LINE#         222
  C:00F3H         LINE#         223
  C:00F3H         LINE#         224
  C:00F8H         LINE#         225
  C:00FBH         LINE#         226
  C:00FBH         LINE#         227
  C:00FEH         LINE#         228
  C:0105H         LINE#         229
  C:0105H         LINE#         230
  C:010AH         LINE#         231
  C:010DH         LINE#         232
  C:010FH         LINE#         233
  C:010FH         LINE#         234
  C:0112H         LINE#         235
  C:0112H         LINE#         236
  C:0115H         LINE#         237
  C:011CH         LINE#         238
  C:011CH         LINE#         239
  C:0121H         LINE#         240
  C:0124H         LINE#         241
  C:0126H         LINE#         242
  C:0126H         LINE#         243
  C:0129H         LINE#         244
  C:0129H         LINE#         245
  C:012CH         LINE#         246
  C:012EH         LINE#         247
  C:012EH         LINE#         248
BL51 BANKED LINKER/LOCATER V6.22.2.0                                                  04/10/2019  21:26:42  PAGE 12


  C:0136H         LINE#         249
  C:0136H         LINE#         250
  C:0136H         LINE#         252
  C:0136H         LINE#         255
  C:013EH         LINE#         256
  C:013EH         LINE#         257
  C:0143H         LINE#         258
  C:0145H         LINE#         259
  C:0145H         LINE#         260
  C:0145H         LINE#         261
  C:014AH         LINE#         262
  C:0150H         LINE#         263
  C:0150H         LINE#         264
  C:0155H         LINE#         265
  C:0184H         LINE#         266
  C:0184H         LINE#         267
  C:0187H         LINE#         268
  C:0187H         LINE#         269
  C:0189H         LINE#         270
  C:018BH         LINE#         271
  C:018EH         LINE#         272
  C:018EH         LINE#         273
  C:0190H         LINE#         274
  C:0192H         LINE#         275
  C:0195H         LINE#         276
  C:0195H         LINE#         277
  C:0197H         LINE#         278
  C:0197H         LINE#         279
  C:019BH         LINE#         280
  C:01A3H         LINE#         281
  C:01A5H         LINE#         282
  C:01A8H         LINE#         283
  C:01A8H         LINE#         284
  C:01A9H         LINE#         285
  C:01ABH         LINE#         286
  C:01AEH         LINE#         287
  C:01AEH         LINE#         288
  C:01AFH         LINE#         289
  C:01B1H         LINE#         290
  C:01B4H         LINE#         291
  C:01B4H         LINE#         292
  C:01C6H         LINE#         293
  C:01C8H         LINE#         294
  C:01C8H         LINE#         296
  C:01D3H         LINE#         297
  C:01D3H         LINE#         298
  C:01D3H         LINE#         299
  C:01D3H         LINE#         300
  C:01DBH         LINE#         301
  C:01DBH         LINE#         302
  C:01EBH         LINE#         303
  C:0201H         LINE#         304
  C:0213H         LINE#         305
  C:0213H         LINE#         307
  C:0218H         LINE#         308
  -------         ENDPROC       MAIN
  -------         ENDMOD        MAIN
BL51 BANKED LINKER/LOCATER V6.22.2.0                                                  04/10/2019  21:26:42  PAGE 13



  -------         MODULE        ?C?COPY
  C:02EBH         PUBLIC        ?C?COPY
  -------         ENDMOD        ?C?COPY

  -------         MODULE        ?C?CLDPTR
  C:0311H         PUBLIC        ?C?CLDPTR
  -------         ENDMOD        ?C?CLDPTR

  -------         MODULE        ?C?CCASE
  C:032AH         PUBLIC        ?C?CCASE
  -------         ENDMOD        ?C?CCASE

Program Size: data=55.0 xdata=0 code=1934
LINK/LOCATE RUN COMPLETE.  0 WARNING(S),  0 ERROR(S)
