BL51 BANKED LINKER/LOCATER V6.22                                                        03/03/2019  00:03:28  PAGE 1


BL51 BANKED LINKER/LOCATER V6.22, INVOKED BY:
C:\KEIL_V5\C51\BIN\BL51.EXE .\Objects\main.obj TO .\Objects\test PRINT (.\Listings\test.m51) RAMSIZE (256)


MEMORY MODEL: SMALL


INPUT MODULES INCLUDED:
  .\Objects\main.obj (MAIN)
  C:\KEIL_V5\C51\LIB\C51S.LIB (?C_STARTUP)
  C:\KEIL_V5\C51\LIB\C51S.LIB (?C?COPY)
  C:\KEIL_V5\C51\LIB\C51S.LIB (?C?CLDPTR)
  C:\KEIL_V5\C51\LIB\C51S.LIB (?C?CCASE)
  C:\KEIL_V5\C51\LIB\C51S.LIB (?C_INIT)


LINK MAP OF MODULE:  .\Objects\test (MAIN)


            TYPE    BASE      LENGTH    RELOCATION   SEGMENT NAME
            -----------------------------------------------------

            * * * * * * *   D A T A   M E M O R Y   * * * * * * *
            REG     0000H     0008H     ABSOLUTE     "REG BANK 0"
            DATA    0008H     0006H     UNIT         ?DT?MAIN
            DATA    000EH     0006H     UNIT         _DATA_GROUP_
            IDATA   0014H     0001H     UNIT         ?STACK

            * * * * * * *   C O D E   M E M O R Y   * * * * * * *
            CODE    0000H     0003H     ABSOLUTE     
            CODE    0003H     0003H     ABSOLUTE     
            CODE    0006H     0005H     UNIT         ?PR?LCD1602_TURN_LEFT?MAIN
            CODE    000BH     0003H     ABSOLUTE     
            CODE    000EH     0005H     UNIT         ?PR?LCD1602_TURN_RIGHT?MAIN
            CODE    0013H     0003H     ABSOLUTE     
            CODE    0016H     000DH     UNIT         ?C_INITSEG
            CODE    0023H     0003H     ABSOLUTE     
            CODE    0026H     01BAH     UNIT         ?PR?MAIN?MAIN
            CODE    01E0H     0135H     UNIT         ?C?LIB_CODE
            CODE    0315H     00C7H     UNIT         ?PR?KEYSCAN?MAIN
            CODE    03DCH     008CH     UNIT         ?C_C51STARTUP
            CODE    0468H     0069H     UNIT         ?PR?T0_TIME?MAIN
            CODE    04D1H     0064H     UNIT         ?PR?_MOVE?MAIN
            CODE    0535H     003BH     UNIT         ?PR?COM_INT?MAIN
            CODE    0570H     0030H     UNIT         ?PR?_LCD1602_WRITE_STRING?MAIN
            CODE    05A0H     0028H     UNIT         ?PR?LCD1602_INIT?MAIN
            CODE    05C8H     0025H     UNIT         ?PR?_DELAYMS?MAIN
            CODE    05EDH     001FH     UNIT         ?PR?_LCD1602_WRITE_CHAR?MAIN
            CODE    060CH     0018H     UNIT         ?PR?TIMER_INIT?MAIN
            CODE    0624H     0016H     UNIT         ?PR?USARTCONFIGURATION?MAIN
            CODE    063AH     0013H     UNIT         ?PR?_LCD1602_WRITE_CMD?MAIN
            CODE    064DH     0013H     UNIT         ?PR?_LCD1602_WRITE_DATA?MAIN
            CODE    0660H     0013H     UNIT         ?CO?MAIN
            CODE    0673H     0010H     UNIT         ?PR?KEYPRESS?MAIN
            CODE    0683H     000AH     UNIT         ?PR?LCD1602_CLEAR?MAIN
            CODE    068DH     0003H     UNIT         ?PR?INTERRUPT0?MAIN
            CODE    0690H     0003H     UNIT         ?PR?INTERRUPT1?MAIN

BL51 BANKED LINKER/LOCATER V6.22                                                      03/03/2019  00:03:28  PAGE 2




OVERLAY MAP OF MODULE:   .\Objects\test (MAIN)


SEGMENT                                  DATA_GROUP 
  +--> CALLED SEGMENT                  START    LENGTH
------------------------------------------------------
?PR?T0_TIME?MAIN                       -----    -----
  +--> ?PR?_MOVE?MAIN

?PR?_MOVE?MAIN                         -----    -----
  +--> ?PR?_DELAYMS?MAIN

*** NEW ROOT ***************************************************

?PR?COM_INT?MAIN                       000EH    0001H
  +--> ?PR?_DELAYMS?MAIN

*** NEW ROOT ***************************************************

?C_C51STARTUP                          -----    -----
  +--> ?PR?MAIN?MAIN
  +--> ?C_INITSEG

?PR?MAIN?MAIN                          000FH    0004H
  +--> ?CO?MAIN
  +--> ?PR?TIMER_INIT?MAIN
  +--> ?PR?USARTCONFIGURATION?MAIN
  +--> ?PR?LCD1602_INIT?MAIN
  +--> ?PR?LCD1602_CLEAR?MAIN
  +--> ?PR?_LCD1602_WRITE_STRING?MAIN
  +--> ?PR?_LCD1602_WRITE_CHAR?MAIN
  +--> ?PR?KEYPRESS?MAIN
  +--> ?PR?KEYSCAN?MAIN
  +--> ?PR?_DELAYMS?MAIN
  +--> ?PR?_MOVE?MAIN
  +--> ?PR?LCD1602_TURN_RIGHT?MAIN
  +--> ?PR?LCD1602_TURN_LEFT?MAIN

?PR?LCD1602_INIT?MAIN                  -----    -----
  +--> ?PR?_LCD1602_WRITE_CMD?MAIN
  +--> ?PR?_DELAYMS?MAIN

?PR?_LCD1602_WRITE_CMD?MAIN            -----    -----
  +--> ?PR?_DELAYMS?MAIN

?PR?LCD1602_CLEAR?MAIN                 -----    -----
  +--> ?PR?_LCD1602_WRITE_CMD?MAIN
  +--> ?PR?_DELAYMS?MAIN

?PR?_LCD1602_WRITE_STRING?MAIN         -----    -----
  +--> ?PR?_LCD1602_WRITE_CMD?MAIN
  +--> ?PR?_LCD1602_WRITE_DATA?MAIN
  +--> ?PR?_DELAYMS?MAIN

?PR?_LCD1602_WRITE_DATA?MAIN           -----    -----
BL51 BANKED LINKER/LOCATER V6.22                                                      03/03/2019  00:03:28  PAGE 3


  +--> ?PR?_DELAYMS?MAIN

?PR?_LCD1602_WRITE_CHAR?MAIN           -----    -----
  +--> ?PR?_LCD1602_WRITE_CMD?MAIN
  +--> ?PR?_LCD1602_WRITE_DATA?MAIN

?PR?KEYSCAN?MAIN                       0013H    0001H
  +--> ?PR?_DELAYMS?MAIN
  +--> ?PR?KEYPRESS?MAIN

?PR?LCD1602_TURN_RIGHT?MAIN            -----    -----
  +--> ?PR?_LCD1602_WRITE_CMD?MAIN

?PR?LCD1602_TURN_LEFT?MAIN             -----    -----
  +--> ?PR?_LCD1602_WRITE_CMD?MAIN



SYMBOL TABLE OF MODULE:  .\Objects\test (MAIN)

  VALUE           TYPE          NAME
  ----------------------------------

  -------         MODULE        MAIN
  C:0000H         SYMBOL        _ICE_DUMMY_
  D:0080H         PUBLIC        P0
  D:0090H         PUBLIC        P1
  D:0008H         PUBLIC        KEYIN
  D:00A0H         PUBLIC        P2
  D:00B0H         PUBLIC        P3
  C:068DH         PUBLIC        Interrupt0
  C:0690H         PUBLIC        Interrupt1
  B:00A8H.7       PUBLIC        EA
  C:0570H         PUBLIC        _lcd1602_write_string
  C:064DH         PUBLIC        _lcd1602_write_data
  D:00A8H         PUBLIC        IE
  C:05F3H         PUBLIC        _lcd1602_write_char
  C:05A0H         PUBLIC        lcd1602_init
  B:00A8H.4       PUBLIC        ES
  C:04D1H         PUBLIC        _Move
  D:00B8H         PUBLIC        IP
  D:0009H         PUBLIC        dishu_shiji
  B:0098H.0       PUBLIC        RI
  B:0098H.1       PUBLIC        TI
  C:063AH         PUBLIC        _lcd1602_write_cmd
  B:00A0H.3       PUBLIC        buzzer
  C:0026H         PUBLIC        main
  C:0535H         PUBLIC        Com_Int
  C:000EH         PUBLIC        lcd1602_turn_right
  D:0099H         PUBLIC        SBUF
  D:0087H         PUBLIC        PCON
  C:0315H         PUBLIC        KeyScan
  B:00A0H.0       PUBLIC        lcd1602_en
  C:05D9H         PUBLIC        _DelayMs
  D:0098H         PUBLIC        SCON
  D:0089H         PUBLIC        TMOD
  D:0088H         PUBLIC        TCON
BL51 BANKED LINKER/LOCATER V6.22                                                      03/03/2019  00:03:28  PAGE 4


  C:0006H         PUBLIC        lcd1602_turn_left
  C:0673H         PUBLIC        KeyPress
  C:0670H         SYMBOL        _?ix1000
  B:00A0H.2       PUBLIC        lcd1602_rs
  B:00A0H.1       PUBLIC        lcd1602_rw
  B:00A8H.1       PUBLIC        ET0
  D:008CH         PUBLIC        TH0
  B:00A8H.0       PUBLIC        EX0
  B:0088H.0       PUBLIC        IT0
  D:008DH         PUBLIC        TH1
  B:00A8H.2       PUBLIC        EX1
  B:0088H.2       PUBLIC        IT1
  D:008AH         PUBLIC        TL0
  D:008BH         PUBLIC        TL1
  B:0088H.4       PUBLIC        TR0
  B:0088H.6       PUBLIC        TR1
  D:000AH         PUBLIC        diandi_number
  D:000BH         PUBLIC        dishu_sheding
  D:00C8H         PUBLIC        T2CON
  C:0683H         PUBLIC        lcd1602_clear
  D:000CH         PUBLIC        Number
  B:00A0H.4       PUBLIC        A1
  B:00A0H.5       PUBLIC        B1
  D:000DH         PUBLIC        Speed
  B:00A0H.6       PUBLIC        C1
  C:0624H         PUBLIC        UsartConfiguration
  B:00A0H.7       PUBLIC        D1
  C:0468H         PUBLIC        T0_Time
  C:060CH         PUBLIC        Timer_Init
  D:00D0H         PUBLIC        PSW
  C:05D3H         SYMBOL        L?0130
  C:05D5H         SYMBOL        L?0131
  -------         PROC          L?0129
  -------         ENDPROC       L?0129
  C:05D3H         SYMBOL        L?0130
  C:05D5H         SYMBOL        L?0131
  -------         PROC          _DELAYMS
  D:0007H         SYMBOL        i
  -------         DO            
  D:0005H         SYMBOL        x
  D:0006H         SYMBOL        j
  -------         ENDDO         
  C:05D9H         LINE#         16
  C:05D9H         LINE#         17
  C:05D9H         LINE#         20
  C:05E0H         LINE#         21
  C:05ECH         LINE#         22
  -------         ENDPROC       _DELAYMS
  -------         PROC          _LCD1602_WRITE_CMD
  D:0007H         SYMBOL        cmd
  C:063AH         LINE#         14
  C:063AH         LINE#         15
  C:063AH         LINE#         16
  C:063CH         LINE#         17
  C:063EH         LINE#         18
  C:0640H         LINE#         19
  C:0645H         LINE#         20
BL51 BANKED LINKER/LOCATER V6.22                                                      03/03/2019  00:03:28  PAGE 5


  C:0647H         LINE#         21
  C:064AH         LINE#         22
  C:064CH         LINE#         23
  -------         ENDPROC       _LCD1602_WRITE_CMD
  -------         PROC          _LCD1602_WRITE_DATA
  D:0007H         SYMBOL        dat
  C:064DH         LINE#         27
  C:064DH         LINE#         28
  C:064DH         LINE#         29
  C:064FH         LINE#         30
  C:0651H         LINE#         31
  C:0653H         LINE#         32
  C:0658H         LINE#         33
  C:065AH         LINE#         34
  C:065DH         LINE#         35
  C:065FH         LINE#         37
  -------         ENDPROC       _LCD1602_WRITE_DATA
  -------         PROC          LCD1602_INIT
  C:05A0H         LINE#         41
  C:05A0H         LINE#         42
  C:05A0H         LINE#         43
  C:05A2H         LINE#         44
  C:05A7H         LINE#         45
  C:05ACH         LINE#         46
  C:05B1H         LINE#         47
  C:05B6H         LINE#         48
  C:05BBH         LINE#         49
  C:05C0H         LINE#         50
  C:05C3H         LINE#         51
  -------         ENDPROC       LCD1602_INIT
  -------         PROC          LCD1602_CLEAR
  C:0683H         LINE#         57
  C:0683H         LINE#         58
  C:0683H         LINE#         59
  C:0688H         LINE#         60
  -------         ENDPROC       LCD1602_CLEAR
  -------         PROC          LCD1602_TURN_LEFT
  C:0006H         LINE#         65
  C:0006H         LINE#         66
  C:0006H         LINE#         67
  -------         ENDPROC       LCD1602_TURN_LEFT
  -------         PROC          LCD1602_TURN_RIGHT
  C:000EH         LINE#         72
  C:000EH         LINE#         73
  C:000EH         LINE#         74
  -------         ENDPROC       LCD1602_TURN_RIGHT
  -------         PROC          L?0132
  -------         ENDPROC       L?0132
  -------         PROC          _LCD1602_WRITE_CHAR
  D:0006H         SYMBOL        x
  D:0005H         SYMBOL        y
  D:0003H         SYMBOL        dat
  -------         DO            
  D:0004H         SYMBOL        address
  -------         ENDDO         
  C:05F3H         LINE#         79
  C:05F5H         LINE#         80
BL51 BANKED LINKER/LOCATER V6.22                                                      03/03/2019  00:03:28  PAGE 6


  C:05F5H         LINE#         82
  C:05F8H         LINE#         83
  C:05FEH         LINE#         85
  C:0602H         LINE#         86
  C:0607H         LINE#         87
  -------         ENDPROC       _LCD1602_WRITE_CHAR
  -------         PROC          _LCD1602_WRITE_STRING
  D:0007H         SYMBOL        x
  D:0005H         SYMBOL        y
  D:0001H         SYMBOL        dat
  -------         DO            
  D:0004H         SYMBOL        address
  -------         ENDDO         
  C:0570H         LINE#         92
  C:0570H         LINE#         93
  C:0570H         LINE#         95
  C:0573H         LINE#         96
  C:0579H         LINE#         97
  C:057CH         LINE#         98
  C:0580H         LINE#         99
  C:0585H         LINE#         100
  C:058EH         LINE#         101
  C:058EH         LINE#         102
  C:0591H         LINE#         103
  C:0598H         LINE#         104
  C:059DH         LINE#         105
  C:059FH         LINE#         106
  -------         ENDPROC       _LCD1602_WRITE_STRING
  -------         PROC          _MOVE
  D:0003H         SYMBOL        flag
  D:0004H         SYMBOL        s
  C:04D1H         LINE#         27
  C:04D5H         LINE#         28
  C:04D5H         LINE#         29
  C:04D8H         LINE#         30
  C:04E0H         LINE#         31
  C:04E5H         LINE#         32
  C:04E5H         LINE#         34
  C:04EBH         LINE#         35
  C:04EBH         LINE#         36
  C:04F1H         LINE#         37
  C:04F1H         LINE#         39
  C:04F1H         LINE#         40
  C:04F4H         LINE#         41
  C:04FAH         LINE#         42
  C:04FDH         LINE#         43
  C:0505H         LINE#         44
  C:050AH         LINE#         45
  C:050CH         LINE#         46
  C:050FH         LINE#         47
  C:050FH         LINE#         49
  C:0515H         LINE#         50
  C:0515H         LINE#         51
  C:051DH         LINE#         52
  C:0522H         LINE#         54
  C:0528H         LINE#         55
  C:0528H         LINE#         56
BL51 BANKED LINKER/LOCATER V6.22                                                      03/03/2019  00:03:28  PAGE 7


  C:0528H         LINE#         57
  C:052BH         LINE#         58
  C:052FH         LINE#         59
  C:0532H         LINE#         60
  C:0534H         LINE#         61
  C:0534H         LINE#         62
  -------         ENDPROC       _MOVE
  -------         PROC          KEYPRESS
  -------         DO            
  D:0007H         SYMBOL        keypress
  -------         ENDDO         
  C:0673H         LINE#         7
  C:0673H         LINE#         8
  C:0673H         LINE#         10
  C:0676H         LINE#         11
  C:0678H         LINE#         12
  C:067BH         LINE#         13
  C:067BH         LINE#         14
  C:067EH         LINE#         15
  C:067EH         LINE#         17
  C:067EH         LINE#         18
  C:0680H         LINE#         19
  C:0682H         LINE#         20
  C:0682H         LINE#         21
  -------         ENDPROC       KEYPRESS
  -------         PROC          KEYSCAN
  -------         DO            
  D:0007H         SYMBOL        keyout
  D:0006H         SYMBOL        index
  D:0007H         SYMBOL        keycode
  D:0013H         SYMBOL        keyvalue
  -------         ENDDO         
  C:0315H         LINE#         25
  C:0315H         LINE#         26
  C:0315H         LINE#         28
  C:031AH         LINE#         29
  C:031DH         LINE#         30
  C:031FH         LINE#         31
  C:0328H         LINE#         32
  C:0328H         LINE#         33
  C:0328H         LINE#         34
  C:0328H         LINE#         35
  C:0337H         LINE#         36
  C:0338H         LINE#         37
  C:033BH         LINE#         38
  C:0340H         LINE#         39
  C:0348H         LINE#         40
  C:0348H         LINE#         41
  C:034CH         LINE#         42
  C:034CH         LINE#         43
  C:034CH         LINE#         45
  C:034CH         LINE#         46
  C:0384H         LINE#         47
  C:0384H         LINE#         48
  C:0389H         LINE#         49
  C:038EH         LINE#         50
  C:0393H         LINE#         51
BL51 BANKED LINKER/LOCATER V6.22                                                      03/03/2019  00:03:28  PAGE 8


  C:0398H         LINE#         53
  C:039DH         LINE#         54
  C:03A2H         LINE#         55
  C:03A7H         LINE#         56
  C:03ACH         LINE#         58
  C:03B1H         LINE#         59
  C:03B6H         LINE#         60
  C:03BBH         LINE#         61
  C:03C0H         LINE#         63
  C:03C5H         LINE#         64
  C:03CAH         LINE#         65
  C:03CFH         LINE#         66
  C:03D4H         LINE#         67
  C:03D4H         LINE#         68
  C:03D4H         LINE#         69
  C:03D6H         LINE#         71
  C:03D6H         LINE#         72
  C:03D9H         LINE#         73
  C:03D9H         LINE#         74
  C:03DBH         LINE#         75
  -------         ENDPROC       KEYSCAN
  -------         PROC          TIMER_INIT
  C:060CH         LINE#         21
  C:060CH         LINE#         22
  C:060CH         LINE#         23
  C:060FH         LINE#         25
  C:0612H         LINE#         26
  C:0615H         LINE#         28
  C:0617H         LINE#         30
  C:0619H         LINE#         32
  C:061BH         LINE#         34
  C:061DH         LINE#         35
  C:061FH         LINE#         36
  C:0621H         LINE#         37
  C:0623H         LINE#         38
  -------         ENDPROC       TIMER_INIT
  -------         PROC          USARTCONFIGURATION
  C:0624H         LINE#         47
  C:0624H         LINE#         48
  C:0624H         LINE#         49
  C:0627H         LINE#         50
  C:062AH         LINE#         51
  C:062DH         LINE#         52
  C:0630H         LINE#         53
  C:0633H         LINE#         54
  C:0635H         LINE#         55
  C:0637H         LINE#         56
  C:0639H         LINE#         57
  -------         ENDPROC       USARTCONFIGURATION
  -------         PROC          INTERRUPT0
  C:068DH         LINE#         63
  C:068DH         LINE#         65
  C:068FH         LINE#         66
  -------         ENDPROC       INTERRUPT0
  -------         PROC          T0_TIME
  C:0468H         LINE#         70
  C:047BH         LINE#         73
BL51 BANKED LINKER/LOCATER V6.22                                                      03/03/2019  00:03:28  PAGE 9


  C:047EH         LINE#         74
  C:0481H         LINE#         75
  C:0483H         LINE#         76
  C:0489H         LINE#         77
  C:0489H         LINE#         78
  C:048BH         LINE#         79
  C:0493H         LINE#         80
  C:049BH         LINE#         81
  C:049BH         LINE#         82
  C:049FH         LINE#         83
  C:04A1H         LINE#         84
  C:04B6H         LINE#         85
  C:04B6H         LINE#         86
  C:04BDH         LINE#         87
  C:04BDH         LINE#         90
  C:04C0H         LINE#         91
  C:04C0H         LINE#         92
  -------         ENDPROC       T0_TIME
  -------         PROC          INTERRUPT1
  C:0690H         LINE#         96
  C:0690H         LINE#         98
  C:0692H         LINE#         99
  -------         ENDPROC       INTERRUPT1
  -------         PROC          COM_INT
  -------         DO            
  D:0004H         SYMBOL        i
  D:000EH         SYMBOL        receive_data
  -------         ENDDO         
  C:0535H         LINE#         106
  C:0544H         LINE#         111
  C:0546H         LINE#         113
  C:0549H         LINE#         114
  C:0549H         LINE#         115
  C:054BH         LINE#         116
  C:054EH         LINE#         118
  C:054EH         LINE#         119
  C:054EH         LINE#         121
  C:054EH         LINE#         123
  C:054EH         LINE#         125
  C:054EH         LINE#         127
  C:054EH         LINE#         129
  C:0550H         LINE#         130
  C:0550H         LINE#         131
  C:0553H         LINE#         132
  C:0556H         LINE#         133
  C:0558H         LINE#         134
  C:055DH         LINE#         135
  C:0561H         LINE#         136
  C:0563H         LINE#         137
  -------         ENDPROC       COM_INT
  -------         PROC          MAIN
  -------         DO            
  D:0002H         SYMBOL        keyvalue
  D:0001H         SYMBOL        k
  D:000FH         SYMBOL        value
  D:0012H         SYMBOL        i
  -------         ENDDO         
BL51 BANKED LINKER/LOCATER V6.22                                                      03/03/2019  00:03:28  PAGE 10


  C:0026H         LINE#         140
  C:0026H         LINE#         141
  C:0026H         LINE#         145
  C:0039H         LINE#         148
  C:003CH         LINE#         149
  C:003FH         LINE#         150
  C:0042H         LINE#         152
  C:0042H         LINE#         153
  C:0042H         LINE#         154
  C:0045H         LINE#         155
  C:0051H         LINE#         156
  C:005CH         LINE#         157
  C:0067H         LINE#         158
  C:0072H         LINE#         159
  C:007CH         LINE#         160
  C:008CH         LINE#         161
  C:009EH         LINE#         165
  C:00A7H         LINE#         166
  C:00A7H         LINE#         167
  C:00ACH         LINE#         169
  C:00B1H         LINE#         170
  C:00B1H         LINE#         171
  C:00B6H         LINE#         172
  C:00B6H         LINE#         173
  C:00B6H         LINE#         174
  C:00BCH         LINE#         175
  C:00BCH         LINE#         176
  C:00C1H         LINE#         177
  C:00C4H         LINE#         178
  C:00C4H         LINE#         179
  C:00CBH         LINE#         180
  C:00CBH         LINE#         181
  C:00CEH         LINE#         182
  C:00CEH         LINE#         183
  C:00D5H         LINE#         184
  C:00D5H         LINE#         185
  C:00DAH         LINE#         186
  C:00DAH         LINE#         187
  C:00DAH         LINE#         188
  C:00DAH         LINE#         189
  C:00E2H         LINE#         192
  C:00E2H         LINE#         194
  C:00E7H         LINE#         195
  C:00E7H         LINE#         196
  C:00ECH         LINE#         197
  C:00ECH         LINE#         198
  C:00ECH         LINE#         199
  C:00F2H         LINE#         200
  C:00F2H         LINE#         201
  C:00F7H         LINE#         202
  C:00FAH         LINE#         203
  C:00FAH         LINE#         204
  C:00FDH         LINE#         205
  C:0104H         LINE#         206
  C:0104H         LINE#         207
  C:0109H         LINE#         208
  C:010CH         LINE#         209
BL51 BANKED LINKER/LOCATER V6.22                                                      03/03/2019  00:03:28  PAGE 11


  C:010EH         LINE#         210
  C:010EH         LINE#         211
  C:0111H         LINE#         212
  C:0111H         LINE#         213
  C:0114H         LINE#         214
  C:011BH         LINE#         215
  C:011BH         LINE#         216
  C:0120H         LINE#         217
  C:0123H         LINE#         218
  C:0125H         LINE#         219
  C:0125H         LINE#         220
  C:0128H         LINE#         221
  C:0128H         LINE#         222
  C:012BH         LINE#         223
  C:012DH         LINE#         224
  C:012DH         LINE#         225
  C:0135H         LINE#         229
  C:0135H         LINE#         234
  C:013DH         LINE#         235
  C:013DH         LINE#         236
  C:0142H         LINE#         237
  C:0144H         LINE#         238
  C:0144H         LINE#         239
  C:0144H         LINE#         240
  C:0149H         LINE#         241
  C:014FH         LINE#         242
  C:014FH         LINE#         243
  C:0154H         LINE#         244
  C:0183H         LINE#         245
  C:0183H         LINE#         246
  C:0186H         LINE#         247
  C:0186H         LINE#         248
  C:0188H         LINE#         249
  C:018AH         LINE#         250
  C:018DH         LINE#         251
  C:018DH         LINE#         252
  C:018FH         LINE#         253
  C:0191H         LINE#         254
  C:0194H         LINE#         255
  C:0194H         LINE#         256
  C:0196H         LINE#         257
  C:0196H         LINE#         258
  C:019AH         LINE#         259
  C:01A2H         LINE#         260
  C:01A4H         LINE#         261
  C:01A7H         LINE#         262
  C:01A7H         LINE#         263
  C:01A8H         LINE#         264
  C:01AAH         LINE#         265
  C:01ADH         LINE#         266
  C:01ADH         LINE#         267
  C:01AEH         LINE#         268
  C:01B0H         LINE#         269
  C:01B3H         LINE#         270
  C:01B3H         LINE#         271
  C:01C5H         LINE#         272
  C:01C7H         LINE#         273
BL51 BANKED LINKER/LOCATER V6.22                                                      03/03/2019  00:03:28  PAGE 12


  C:01C7H         LINE#         275
  C:01D2H         LINE#         278
  C:01D2H         LINE#         279
  C:01D8H         LINE#         280
  C:01D8H         LINE#         281
  C:01DDH         LINE#         282
  -------         ENDPROC       MAIN
  -------         ENDMOD        MAIN

  -------         MODULE        ?C?COPY
  C:02B0H         PUBLIC        ?C?COPY
  -------         ENDMOD        ?C?COPY

  -------         MODULE        ?C?CLDPTR
  C:02D6H         PUBLIC        ?C?CLDPTR
  -------         ENDMOD        ?C?CLDPTR

  -------         MODULE        ?C?CCASE
  C:02EFH         PUBLIC        ?C?CCASE
  -------         ENDMOD        ?C?CCASE

Program Size: data=21.0 xdata=0 code=1683
LINK/LOCATE RUN COMPLETE.  0 WARNING(S),  0 ERROR(S)
