BL51 BANKED LINKER/LOCATER V6.22.2.0                                                    04/08/2019  18:40:49  PAGE 1


BL51 BANKED LINKER/LOCATER V6.22.2.0, INVOKED BY:
C:\KEIL_V5\C51\BIN\BL51.EXE .\Objects\main.obj TO .\Objects\test PRINT (.\Listings\test.m51) RAMSIZE (256)


MEMORY MODEL: SMALL


INPUT MODULES INCLUDED:
  .\Objects\main.obj (MAIN)
  C:\KEIL_V5\C51\LIB\C51S.LIB (?C_STARTUP)
  C:\KEIL_V5\C51\LIB\C51S.LIB (?C?COPY)
  C:\KEIL_V5\C51\LIB\C51S.LIB (?C?CLDPTR)
  C:\KEIL_V5\C51\LIB\C51S.LIB (?C?CCASE)
  C:\KEIL_V5\C51\LIB\C51S.LIB (?C_INIT)


LINK MAP OF MODULE:  .\Objects\test (MAIN)


            TYPE    BASE      LENGTH    RELOCATION   SEGMENT NAME
            -----------------------------------------------------

            * * * * * * *   D A T A   M E M O R Y   * * * * * * *
            REG     0000H     0008H     ABSOLUTE     "REG BANK 0"
            DATA    0008H     0029H     UNIT         ?DT?MAIN
            DATA    0031H     0005H     UNIT         _DATA_GROUP_
            IDATA   0036H     0001H     UNIT         ?STACK

            * * * * * * *   C O D E   M E M O R Y   * * * * * * *
            CODE    0000H     0003H     ABSOLUTE     
            CODE    0003H     0003H     ABSOLUTE     
            CODE    0006H     0005H     UNIT         ?PR?LCD1602_TURN_LEFT?MAIN
            CODE    000BH     0003H     ABSOLUTE     
            CODE    000EH     0005H     UNIT         ?PR?LCD1602_TURN_RIGHT?MAIN
            CODE    0013H     0003H     ABSOLUTE     
            CODE    0016H     000AH     UNIT         ?PR?LCD1602_CLEAR?MAIN
            CODE    0020H     0003H     UNIT         ?PR?INTERRUPT0?MAIN
            CODE    0023H     0003H     ABSOLUTE     
            CODE    0026H     01F3H     UNIT         ?PR?MAIN?MAIN
            CODE    0219H     0135H     UNIT         ?C?LIB_CODE
            CODE    034EH     00C5H     UNIT         ?PR?KEYSCAN?MAIN
            CODE    0413H     008CH     UNIT         ?C_C51STARTUP
            CODE    049FH     007EH     UNIT         ?PR?T0_TIME?MAIN
            CODE    051DH     0074H     UNIT         ?PR?COM_INT?MAIN
            CODE    0591H     0068H     UNIT         ?PR?_MOVE?MAIN
            CODE    05F9H     003CH     UNIT         ?PR?INTERRUPT1?MAIN
            CODE    0635H     0035H     UNIT         ?C_INITSEG
            CODE    066AH     0030H     UNIT         ?PR?_LCD1602_WRITE_STRING?MAIN
            CODE    069AH     0028H     UNIT         ?PR?LCD1602_INIT?MAIN
            CODE    06C2H     0025H     UNIT         ?PR?_DELAYMS?MAIN
            CODE    06E7H     001FH     UNIT         ?PR?_LCD1602_WRITE_CHAR?MAIN
            CODE    0706H     0018H     UNIT         ?PR?TIMER_INIT?MAIN
            CODE    071EH     0016H     UNIT         ?PR?USARTCONFIGURATION?MAIN
            CODE    0734H     0013H     UNIT         ?PR?_LCD1602_WRITE_CMD?MAIN
            CODE    0747H     0013H     UNIT         ?PR?_LCD1602_WRITE_DATA?MAIN
            CODE    075AH     0013H     UNIT         ?CO?MAIN
            CODE    076DH     0010H     UNIT         ?PR?KEYPRESS?MAIN

BL51 BANKED LINKER/LOCATER V6.22.2.0                                                  04/08/2019  18:40:49  PAGE 2




OVERLAY MAP OF MODULE:   .\Objects\test (MAIN)


SEGMENT                                  DATA_GROUP 
  +--> CALLED SEGMENT                  START    LENGTH
------------------------------------------------------
?PR?T0_TIME?MAIN                       -----    -----
  +--> ?PR?_MOVE?MAIN

?PR?_MOVE?MAIN                         -----    -----
  +--> ?PR?_DELAYMS?MAIN

*** NEW ROOT ***************************************************

?PR?INTERRUPT1?MAIN                    -----    -----
  +--> ?PR?_MOVE?MAIN

*** NEW ROOT ***************************************************

?PR?COM_INT?MAIN                       -----    -----
  +--> ?PR?_DELAYMS?MAIN

*** NEW ROOT ***************************************************

?C_C51STARTUP                          -----    -----
  +--> ?PR?MAIN?MAIN
  +--> ?C_INITSEG

?PR?MAIN?MAIN                          0031H    0004H
  +--> ?CO?MAIN
  +--> ?PR?TIMER_INIT?MAIN
  +--> ?PR?USARTCONFIGURATION?MAIN
  +--> ?PR?LCD1602_INIT?MAIN
  +--> ?PR?LCD1602_CLEAR?MAIN
  +--> ?PR?_LCD1602_WRITE_STRING?MAIN
  +--> ?PR?_LCD1602_WRITE_CHAR?MAIN
  +--> ?PR?KEYPRESS?MAIN
  +--> ?PR?KEYSCAN?MAIN
  +--> ?PR?_DELAYMS?MAIN
  +--> ?PR?_MOVE?MAIN
  +--> ?PR?LCD1602_TURN_RIGHT?MAIN
  +--> ?PR?LCD1602_TURN_LEFT?MAIN

?PR?LCD1602_INIT?MAIN                  -----    -----
  +--> ?PR?_LCD1602_WRITE_CMD?MAIN
  +--> ?PR?_DELAYMS?MAIN

?PR?_LCD1602_WRITE_CMD?MAIN            -----    -----
  +--> ?PR?_DELAYMS?MAIN

?PR?LCD1602_CLEAR?MAIN                 -----    -----
  +--> ?PR?_LCD1602_WRITE_CMD?MAIN
  +--> ?PR?_DELAYMS?MAIN

?PR?_LCD1602_WRITE_STRING?MAIN         -----    -----
BL51 BANKED LINKER/LOCATER V6.22.2.0                                                  04/08/2019  18:40:49  PAGE 3


  +--> ?PR?_LCD1602_WRITE_CMD?MAIN
  +--> ?PR?_LCD1602_WRITE_DATA?MAIN
  +--> ?PR?_DELAYMS?MAIN

?PR?_LCD1602_WRITE_DATA?MAIN           -----    -----
  +--> ?PR?_DELAYMS?MAIN

?PR?_LCD1602_WRITE_CHAR?MAIN           -----    -----
  +--> ?PR?_LCD1602_WRITE_CMD?MAIN
  +--> ?PR?_LCD1602_WRITE_DATA?MAIN

?PR?KEYSCAN?MAIN                       0035H    0001H
  +--> ?PR?_DELAYMS?MAIN
  +--> ?PR?KEYPRESS?MAIN

?PR?LCD1602_TURN_RIGHT?MAIN            -----    -----
  +--> ?PR?_LCD1602_WRITE_CMD?MAIN

?PR?LCD1602_TURN_LEFT?MAIN             -----    -----
  +--> ?PR?_LCD1602_WRITE_CMD?MAIN



SYMBOL TABLE OF MODULE:  .\Objects\test (MAIN)

  VALUE           TYPE          NAME
  ----------------------------------

  -------         MODULE        MAIN
  C:0000H         SYMBOL        _ICE_DUMMY_
  D:0080H         PUBLIC        P0
  D:0090H         PUBLIC        P1
  D:0008H         PUBLIC        KEYIN
  D:00A0H         PUBLIC        P2
  D:00B0H         PUBLIC        P3
  C:0020H         PUBLIC        Interrupt0
  C:05F9H         PUBLIC        Interrupt1
  B:00A8H.7       PUBLIC        EA
  D:0009H         PUBLIC        PuZh
  C:066AH         PUBLIC        _lcd1602_write_string
  C:0747H         PUBLIC        _lcd1602_write_data
  D:00A8H         PUBLIC        IE
  C:06EDH         PUBLIC        _lcd1602_write_char
  C:069AH         PUBLIC        lcd1602_init
  B:00A8H.4       PUBLIC        ES
  C:0595H         PUBLIC        _Move
  D:00B8H         PUBLIC        IP
  D:002BH         PUBLIC        level
  D:002CH         PUBLIC        dishu_shiji
  B:0098H.0       PUBLIC        RI
  B:0098H.1       PUBLIC        TI
  C:0734H         PUBLIC        _lcd1602_write_cmd
  B:00A0H.3       PUBLIC        buzzer
  C:0026H         PUBLIC        main
  C:051DH         PUBLIC        Com_Int
  C:000EH         PUBLIC        lcd1602_turn_right
  D:0099H         PUBLIC        SBUF
BL51 BANKED LINKER/LOCATER V6.22.2.0                                                  04/08/2019  18:40:49  PAGE 4


  D:0087H         PUBLIC        PCON
  C:034EH         PUBLIC        KeyScan
  B:00A0H.0       PUBLIC        lcd1602_en
  C:06D3H         PUBLIC        _DelayMs
  D:0098H         PUBLIC        SCON
  D:0089H         PUBLIC        TMOD
  D:0088H         PUBLIC        TCON
  C:0006H         PUBLIC        lcd1602_turn_left
  C:076DH         PUBLIC        KeyPress
  C:076AH         SYMBOL        _?ix1000
  B:00A0H.2       PUBLIC        lcd1602_rs
  B:00A0H.1       PUBLIC        lcd1602_rw
  B:00A8H.1       PUBLIC        ET0
  D:008CH         PUBLIC        TH0
  B:00A8H.0       PUBLIC        EX0
  B:0088H.0       PUBLIC        IT0
  D:008DH         PUBLIC        TH1
  B:00A8H.2       PUBLIC        EX1
  B:0088H.2       PUBLIC        IT1
  D:008AH         PUBLIC        TL0
  D:008BH         PUBLIC        TL1
  B:0088H.4       PUBLIC        TR0
  B:0088H.6       PUBLIC        TR1
  D:002DH         PUBLIC        diandi_number
  D:002EH         PUBLIC        dishu_sheding
  D:00C8H         PUBLIC        T2CON
  C:0016H         PUBLIC        lcd1602_clear
  D:002FH         PUBLIC        Number
  B:00A0H.4       PUBLIC        A1
  B:00A0H.5       PUBLIC        B1
  D:0030H         PUBLIC        Speed
  B:00A0H.6       PUBLIC        C1
  C:071EH         PUBLIC        UsartConfiguration
  B:00A0H.7       PUBLIC        D1
  C:049FH         PUBLIC        T0_Time
  C:0706H         PUBLIC        Timer_Init
  D:00D0H         PUBLIC        PSW
  C:06CDH         SYMBOL        L?0136
  C:06CFH         SYMBOL        L?0137
  -------         PROC          L?0135
  -------         ENDPROC       L?0135
  C:06CDH         SYMBOL        L?0136
  C:06CFH         SYMBOL        L?0137
  -------         PROC          _DELAYMS
  D:0007H         SYMBOL        i
  -------         DO            
  D:0005H         SYMBOL        x
  D:0006H         SYMBOL        j
  -------         ENDDO         
  C:06D3H         LINE#         16
  C:06D3H         LINE#         17
  C:06D3H         LINE#         20
  C:06DAH         LINE#         21
  C:06E6H         LINE#         22
  -------         ENDPROC       _DELAYMS
  -------         PROC          _LCD1602_WRITE_CMD
  D:0007H         SYMBOL        cmd
BL51 BANKED LINKER/LOCATER V6.22.2.0                                                  04/08/2019  18:40:49  PAGE 5


  C:0734H         LINE#         14
  C:0734H         LINE#         15
  C:0734H         LINE#         16
  C:0736H         LINE#         17
  C:0738H         LINE#         18
  C:073AH         LINE#         19
  C:073FH         LINE#         20
  C:0741H         LINE#         21
  C:0744H         LINE#         22
  C:0746H         LINE#         23
  -------         ENDPROC       _LCD1602_WRITE_CMD
  -------         PROC          _LCD1602_WRITE_DATA
  D:0007H         SYMBOL        dat
  C:0747H         LINE#         27
  C:0747H         LINE#         28
  C:0747H         LINE#         29
  C:0749H         LINE#         30
  C:074BH         LINE#         31
  C:074DH         LINE#         32
  C:0752H         LINE#         33
  C:0754H         LINE#         34
  C:0757H         LINE#         35
  C:0759H         LINE#         37
  -------         ENDPROC       _LCD1602_WRITE_DATA
  -------         PROC          LCD1602_INIT
  C:069AH         LINE#         41
  C:069AH         LINE#         42
  C:069AH         LINE#         43
  C:069CH         LINE#         44
  C:06A1H         LINE#         45
  C:06A6H         LINE#         46
  C:06ABH         LINE#         47
  C:06B0H         LINE#         48
  C:06B5H         LINE#         49
  C:06BAH         LINE#         50
  C:06BDH         LINE#         51
  -------         ENDPROC       LCD1602_INIT
  -------         PROC          LCD1602_CLEAR
  C:0016H         LINE#         57
  C:0016H         LINE#         58
  C:0016H         LINE#         59
  C:001BH         LINE#         60
  -------         ENDPROC       LCD1602_CLEAR
  -------         PROC          LCD1602_TURN_LEFT
  C:0006H         LINE#         65
  C:0006H         LINE#         66
  C:0006H         LINE#         67
  -------         ENDPROC       LCD1602_TURN_LEFT
  -------         PROC          LCD1602_TURN_RIGHT
  C:000EH         LINE#         72
  C:000EH         LINE#         73
  C:000EH         LINE#         74
  -------         ENDPROC       LCD1602_TURN_RIGHT
  -------         PROC          L?0138
  -------         ENDPROC       L?0138
  -------         PROC          _LCD1602_WRITE_CHAR
  D:0006H         SYMBOL        x
BL51 BANKED LINKER/LOCATER V6.22.2.0                                                  04/08/2019  18:40:49  PAGE 6


  D:0005H         SYMBOL        y
  D:0003H         SYMBOL        dat
  -------         DO            
  D:0004H         SYMBOL        address
  -------         ENDDO         
  C:06EDH         LINE#         79
  C:06EFH         LINE#         80
  C:06EFH         LINE#         82
  C:06F2H         LINE#         83
  C:06F8H         LINE#         85
  C:06FCH         LINE#         86
  C:0701H         LINE#         87
  -------         ENDPROC       _LCD1602_WRITE_CHAR
  -------         PROC          _LCD1602_WRITE_STRING
  D:0007H         SYMBOL        x
  D:0005H         SYMBOL        y
  D:0001H         SYMBOL        dat
  -------         DO            
  D:0004H         SYMBOL        address
  -------         ENDDO         
  C:066AH         LINE#         92
  C:066AH         LINE#         93
  C:066AH         LINE#         95
  C:066DH         LINE#         96
  C:0673H         LINE#         97
  C:0676H         LINE#         98
  C:067AH         LINE#         99
  C:067FH         LINE#         100
  C:0688H         LINE#         101
  C:0688H         LINE#         102
  C:068BH         LINE#         103
  C:0692H         LINE#         104
  C:0697H         LINE#         105
  C:0699H         LINE#         106
  -------         ENDPROC       _LCD1602_WRITE_STRING
  C:0591H         SYMBOL        L?0140
  -------         PROC          L?0139
  -------         ENDPROC       L?0139
  C:0591H         SYMBOL        L?0140
  -------         PROC          _MOVE
  D:0003H         SYMBOL        flag
  D:0004H         SYMBOL        s
  C:0595H         LINE#         27
  C:0599H         LINE#         28
  C:0599H         LINE#         29
  C:059CH         LINE#         30
  C:05A4H         LINE#         31
  C:05A9H         LINE#         32
  C:05A9H         LINE#         34
  C:05AFH         LINE#         35
  C:05AFH         LINE#         36
  C:05B5H         LINE#         37
  C:05B5H         LINE#         39
  C:05B5H         LINE#         40
  C:05B8H         LINE#         41
  C:05BEH         LINE#         42
  C:05C1H         LINE#         43
BL51 BANKED LINKER/LOCATER V6.22.2.0                                                  04/08/2019  18:40:49  PAGE 7


  C:05C9H         LINE#         44
  C:05CEH         LINE#         45
  C:05D0H         LINE#         46
  C:05D3H         LINE#         47
  C:05D3H         LINE#         49
  C:05D9H         LINE#         50
  C:05D9H         LINE#         51
  C:05E1H         LINE#         52
  C:05E6H         LINE#         54
  C:05ECH         LINE#         55
  C:05ECH         LINE#         56
  C:05ECH         LINE#         57
  C:05EFH         LINE#         58
  C:05F3H         LINE#         59
  C:05F6H         LINE#         60
  C:05F8H         LINE#         61
  C:05F8H         LINE#         62
  -------         ENDPROC       _MOVE
  -------         PROC          KEYPRESS
  -------         DO            
  D:0007H         SYMBOL        keypress
  -------         ENDDO         
  C:076DH         LINE#         7
  C:076DH         LINE#         8
  C:076DH         LINE#         10
  C:0770H         LINE#         11
  C:0772H         LINE#         12
  C:0775H         LINE#         13
  C:0775H         LINE#         14
  C:0778H         LINE#         15
  C:0778H         LINE#         17
  C:0778H         LINE#         18
  C:077AH         LINE#         19
  C:077CH         LINE#         20
  C:077CH         LINE#         21
  -------         ENDPROC       KEYPRESS
  -------         PROC          KEYSCAN
  -------         DO            
  D:0007H         SYMBOL        keyout
  D:0006H         SYMBOL        index
  D:0007H         SYMBOL        keycode
  D:0035H         SYMBOL        keyvalue
  -------         ENDDO         
  C:034EH         LINE#         25
  C:034EH         LINE#         26
  C:034EH         LINE#         28
  C:0353H         LINE#         29
  C:0356H         LINE#         30
  C:0358H         LINE#         31
  C:0361H         LINE#         32
  C:0361H         LINE#         33
  C:0361H         LINE#         34
  C:0361H         LINE#         35
  C:0370H         LINE#         36
  C:0371H         LINE#         37
  C:0374H         LINE#         38
  C:0379H         LINE#         39
BL51 BANKED LINKER/LOCATER V6.22.2.0                                                  04/08/2019  18:40:49  PAGE 8


  C:0381H         LINE#         40
  C:0381H         LINE#         41
  C:0384H         LINE#         42
  C:0384H         LINE#         43
  C:0384H         LINE#         45
  C:0384H         LINE#         46
  C:03BBH         LINE#         47
  C:03BBH         LINE#         48
  C:03C0H         LINE#         49
  C:03C5H         LINE#         50
  C:03CAH         LINE#         51
  C:03CFH         LINE#         53
  C:03D4H         LINE#         54
  C:03D9H         LINE#         55
  C:03DEH         LINE#         56
  C:03E3H         LINE#         58
  C:03E8H         LINE#         59
  C:03EDH         LINE#         60
  C:03F2H         LINE#         61
  C:03F7H         LINE#         63
  C:03FCH         LINE#         64
  C:0401H         LINE#         65
  C:0406H         LINE#         66
  C:040BH         LINE#         67
  C:040BH         LINE#         68
  C:040BH         LINE#         69
  C:040DH         LINE#         71
  C:040DH         LINE#         72
  C:0410H         LINE#         73
  C:0410H         LINE#         74
  C:0412H         LINE#         75
  -------         ENDPROC       KEYSCAN
  -------         PROC          TIMER_INIT
  C:0706H         LINE#         23
  C:0706H         LINE#         24
  C:0706H         LINE#         25
  C:0709H         LINE#         27
  C:070CH         LINE#         28
  C:070FH         LINE#         30
  C:0711H         LINE#         32
  C:0713H         LINE#         34
  C:0715H         LINE#         36
  C:0717H         LINE#         37
  C:0719H         LINE#         38
  C:071BH         LINE#         39
  C:071DH         LINE#         40
  -------         ENDPROC       TIMER_INIT
  -------         PROC          USARTCONFIGURATION
  C:071EH         LINE#         49
  C:071EH         LINE#         50
  C:071EH         LINE#         51
  C:0721H         LINE#         52
  C:0724H         LINE#         53
  C:0727H         LINE#         54
  C:072AH         LINE#         55
  C:072DH         LINE#         56
  C:072FH         LINE#         57
BL51 BANKED LINKER/LOCATER V6.22.2.0                                                  04/08/2019  18:40:49  PAGE 9


  C:0731H         LINE#         58
  C:0733H         LINE#         59
  -------         ENDPROC       USARTCONFIGURATION
  -------         PROC          INTERRUPT0
  C:0020H         LINE#         65
  C:0020H         LINE#         67
  C:0022H         LINE#         68
  -------         ENDPROC       INTERRUPT0
  -------         PROC          T0_TIME
  C:049FH         LINE#         72
  C:04B2H         LINE#         75
  C:04B5H         LINE#         76
  C:04B8H         LINE#         77
  C:04BAH         LINE#         78
  C:04C0H         LINE#         79
  C:04C0H         LINE#         80
  C:04C2H         LINE#         81
  C:04CAH         LINE#         82
  C:04D2H         LINE#         83
  C:04D2H         LINE#         84
  C:04D4H         LINE#         85
  C:04DBH         LINE#         86
  C:04DBH         LINE#         87
  C:04DFH         LINE#         88
  C:04DFH         LINE#         89
  C:04E1H         LINE#         90
  C:04F6H         LINE#         91
  C:04F6H         LINE#         92
  C:04F8H         LINE#         93
  C:04FFH         LINE#         94
  C:04FFH         LINE#         95
  C:0502H         LINE#         96
  C:0502H         LINE#         97
  C:0509H         LINE#         98
  C:0509H         LINE#         101
  C:050CH         LINE#         102
  C:050CH         LINE#         103
  -------         ENDPROC       T0_TIME
  -------         PROC          INTERRUPT1
  -------         DO            
  D:0002H         SYMBOL        i
  -------         ENDDO         
  C:05F9H         LINE#         107
  C:060CH         LINE#         109
  C:060EH         LINE#         110
  C:0619H         LINE#         111
  C:0619H         LINE#         112
  C:061CH         LINE#         113
  C:061FH         LINE#         114
  C:0622H         LINE#         115
  C:0624H         LINE#         116
  -------         ENDPROC       INTERRUPT1
  -------         PROC          COM_INT
  -------         DO            
  D:0004H         SYMBOL        i
  D:0007H         SYMBOL        receive_data
  -------         ENDDO         
BL51 BANKED LINKER/LOCATER V6.22.2.0                                                  04/08/2019  18:40:49  PAGE 10


  C:051DH         LINE#         123
  C:0530H         LINE#         128
  C:0532H         LINE#         130
  C:0535H         LINE#         131
  C:0535H         LINE#         132
  C:0537H         LINE#         133
  C:0539H         LINE#         135
  C:053EH         LINE#         136
  C:053EH         LINE#         137
  C:0548H         LINE#         138
  C:0558H         LINE#         139
  C:0564H         LINE#         140
  C:0567H         LINE#         141
  C:0569H         LINE#         142
  C:0569H         LINE#         143
  C:0570H         LINE#         144
  C:0573H         LINE#         145
  C:0575H         LINE#         146
  C:057AH         LINE#         148
  C:057EH         LINE#         149
  C:057EH         LINE#         151
  C:057EH         LINE#         153
  C:057EH         LINE#         155
  C:057EH         LINE#         158
  C:0580H         LINE#         159
  -------         ENDPROC       COM_INT
  -------         PROC          MAIN
  -------         DO            
  D:0002H         SYMBOL        keyvalue
  D:0001H         SYMBOL        k
  D:0031H         SYMBOL        value
  D:0034H         SYMBOL        i
  -------         ENDDO         
  C:0026H         LINE#         162
  C:0026H         LINE#         163
  C:0026H         LINE#         167
  C:0039H         LINE#         170
  C:003CH         LINE#         171
  C:003FH         LINE#         172
  C:0042H         LINE#         174
  C:0042H         LINE#         175
  C:0042H         LINE#         176
  C:0045H         LINE#         177
  C:0051H         LINE#         178
  C:005CH         LINE#         179
  C:0067H         LINE#         180
  C:0072H         LINE#         181
  C:007CH         LINE#         182
  C:008CH         LINE#         183
  C:009EH         LINE#         186
  C:00A7H         LINE#         187
  C:00A7H         LINE#         188
  C:00ACH         LINE#         190
  C:00B1H         LINE#         191
  C:00B1H         LINE#         192
  C:00B6H         LINE#         193
  C:00B6H         LINE#         194
BL51 BANKED LINKER/LOCATER V6.22.2.0                                                  04/08/2019  18:40:49  PAGE 11


  C:00B6H         LINE#         195
  C:00BCH         LINE#         196
  C:00BCH         LINE#         197
  C:00C1H         LINE#         198
  C:00C4H         LINE#         199
  C:00C4H         LINE#         200
  C:00C7H         LINE#         201
  C:00C7H         LINE#         202
  C:00CAH         LINE#         203
  C:00CAH         LINE#         204
  C:00D1H         LINE#         205
  C:00D1H         LINE#         206
  C:00D4H         LINE#         207
  C:00D4H         LINE#         208
  C:00D7H         LINE#         209
  C:00D9H         LINE#         210
  C:00D9H         LINE#         211
  C:00E1H         LINE#         212
  C:00E1H         LINE#         213
  C:00E1H         LINE#         214
  C:00E1H         LINE#         216
  C:00E6H         LINE#         217
  C:00E6H         LINE#         218
  C:00EBH         LINE#         219
  C:00EBH         LINE#         220
  C:00EBH         LINE#         221
  C:00F1H         LINE#         222
  C:00F1H         LINE#         223
  C:00F6H         LINE#         224
  C:00F9H         LINE#         225
  C:00F9H         LINE#         226
  C:00FCH         LINE#         227
  C:0103H         LINE#         228
  C:0103H         LINE#         229
  C:0108H         LINE#         230
  C:010BH         LINE#         231
  C:010DH         LINE#         232
  C:010DH         LINE#         233
  C:0110H         LINE#         234
  C:0110H         LINE#         235
  C:0113H         LINE#         236
  C:011AH         LINE#         237
  C:011AH         LINE#         238
  C:011FH         LINE#         239
  C:0122H         LINE#         240
  C:0124H         LINE#         241
  C:0124H         LINE#         242
  C:0127H         LINE#         243
  C:0127H         LINE#         244
  C:012AH         LINE#         245
  C:012CH         LINE#         246
  C:012CH         LINE#         247
  C:0134H         LINE#         248
  C:0134H         LINE#         249
  C:0134H         LINE#         251
  C:0134H         LINE#         254
  C:013CH         LINE#         255
BL51 BANKED LINKER/LOCATER V6.22.2.0                                                  04/08/2019  18:40:49  PAGE 12


  C:013CH         LINE#         256
  C:0141H         LINE#         257
  C:0143H         LINE#         258
  C:0143H         LINE#         259
  C:0143H         LINE#         260
  C:0148H         LINE#         261
  C:014EH         LINE#         262
  C:014EH         LINE#         263
  C:0153H         LINE#         264
  C:0182H         LINE#         265
  C:0182H         LINE#         266
  C:0185H         LINE#         267
  C:0185H         LINE#         268
  C:0187H         LINE#         269
  C:0189H         LINE#         270
  C:018CH         LINE#         271
  C:018CH         LINE#         272
  C:018EH         LINE#         273
  C:0190H         LINE#         274
  C:0193H         LINE#         275
  C:0193H         LINE#         276
  C:0195H         LINE#         277
  C:0195H         LINE#         278
  C:0199H         LINE#         279
  C:01A1H         LINE#         280
  C:01A3H         LINE#         281
  C:01A6H         LINE#         282
  C:01A6H         LINE#         283
  C:01A7H         LINE#         284
  C:01A9H         LINE#         285
  C:01ACH         LINE#         286
  C:01ACH         LINE#         287
  C:01ADH         LINE#         288
  C:01AFH         LINE#         289
  C:01B2H         LINE#         290
  C:01B2H         LINE#         291
  C:01C4H         LINE#         292
  C:01C6H         LINE#         293
  C:01C6H         LINE#         295
  C:01D1H         LINE#         296
  C:01D1H         LINE#         297
  C:01D1H         LINE#         298
  C:01D1H         LINE#         299
  C:01D9H         LINE#         300
  C:01D9H         LINE#         301
  C:01E9H         LINE#         302
  C:01FFH         LINE#         303
  C:0211H         LINE#         304
  C:0211H         LINE#         306
  C:0216H         LINE#         307
  -------         ENDPROC       MAIN
  -------         ENDMOD        MAIN

  -------         MODULE        ?C?COPY
  C:02E9H         PUBLIC        ?C?COPY
  -------         ENDMOD        ?C?COPY

BL51 BANKED LINKER/LOCATER V6.22.2.0                                                  04/08/2019  18:40:49  PAGE 13


  -------         MODULE        ?C?CLDPTR
  C:030FH         PUBLIC        ?C?CLDPTR
  -------         ENDMOD        ?C?CLDPTR

  -------         MODULE        ?C?CCASE
  C:0328H         PUBLIC        ?C?CCASE
  -------         ENDMOD        ?C?CCASE

Program Size: data=55.0 xdata=0 code=1917
LINK/LOCATE RUN COMPLETE.  0 WARNING(S),  0 ERROR(S)
