BL51 BANKED LINKER/LOCATER V6.22.2.0                                                    05/03/2019  13:34:09  PAGE 1


BL51 BANKED LINKER/LOCATER V6.22.2.0, INVOKED BY:
C:\KEIL_V5\C51\BIN\BL51.EXE .\Objects\main.obj TO .\Objects\test PRINT (.\Listings\test.m51) RAMSIZE (256)


MEMORY MODEL: SMALL


INPUT MODULES INCLUDED:
  .\Objects\main.obj (MAIN)
  C:\KEIL_V5\C51\LIB\C51S.LIB (?C_STARTUP)
  C:\KEIL_V5\C51\LIB\C51S.LIB (?C?COPY)
  C:\KEIL_V5\C51\LIB\C51S.LIB (?C?CLDPTR)
  C:\KEIL_V5\C51\LIB\C51S.LIB (?C?CCASE)
  C:\KEIL_V5\C51\LIB\C51S.LIB (?C_INIT)


LINK MAP OF MODULE:  .\Objects\test (MAIN)


            TYPE    BASE      LENGTH    RELOCATION   SEGMENT NAME
            -----------------------------------------------------

            * * * * * * *   D A T A   M E M O R Y   * * * * * * *
            REG     0000H     0008H     ABSOLUTE     "REG BANK 0"
            DATA    0008H     000BH     UNIT         ?DT?MAIN
            DATA    0013H     0006H     UNIT         _DATA_GROUP_
            IDATA   0019H     0001H     UNIT         ?STACK

            * * * * * * *   C O D E   M E M O R Y   * * * * * * *
            CODE    0000H     0003H     ABSOLUTE     
            CODE    0003H     0003H     ABSOLUTE     
            CODE    0006H     0005H     UNIT         ?PR?LCD1602_TURN_LEFT?MAIN
            CODE    000BH     0003H     ABSOLUTE     
            CODE    000EH     0005H     UNIT         ?PR?LCD1602_TURN_RIGHT?MAIN
            CODE    0013H     0003H     ABSOLUTE     
            CODE    0016H     000AH     UNIT         ?PR?LCD1602_CLEAR?MAIN
                    0020H     0003H                  *** GAP ***
            CODE    0023H     0003H     ABSOLUTE     
            CODE    0026H     01F5H     UNIT         ?PR?MAIN?MAIN
            CODE    021BH     0135H     UNIT         ?C?LIB_CODE
            CODE    0350H     00C7H     UNIT         ?PR?COM_INT?MAIN
            CODE    0417H     00C5H     UNIT         ?PR?KEYSCAN?MAIN
            CODE    04DCH     008CH     UNIT         ?C_C51STARTUP
            CODE    0568H     0078H     UNIT         ?PR?T0_TIME?MAIN
            CODE    05E0H     0068H     UNIT         ?PR?_MOVE?MAIN
            CODE    0648H     003CH     UNIT         ?PR?INTERRUPT1?MAIN
            CODE    0684H     0030H     UNIT         ?PR?_LCD1602_WRITE_STRING?MAIN
            CODE    06B4H     0028H     UNIT         ?PR?LCD1602_INIT?MAIN
            CODE    06DCH     0025H     UNIT         ?PR?_DELAYMS?MAIN
            CODE    0701H     001FH     UNIT         ?PR?_LCD1602_WRITE_CHAR?MAIN
            CODE    0720H     001FH     UNIT         ?PR?INTERRUPT0?MAIN
            CODE    073FH     0018H     UNIT         ?PR?TIMER_INIT?MAIN
            CODE    0757H     0016H     UNIT         ?PR?USARTCONFIGURATION?MAIN
            CODE    076DH     0016H     UNIT         ?C_INITSEG
            CODE    0783H     0015H     UNIT         ?PR?_LCD1602_WRITE_CMD?MAIN
            CODE    0798H     0015H     UNIT         ?PR?_LCD1602_WRITE_DATA?MAIN
            CODE    07ADH     0013H     UNIT         ?CO?MAIN
            CODE    07C0H     0010H     UNIT         ?PR?KEYPRESS?MAIN
BL51 BANKED LINKER/LOCATER V6.22.2.0                                                  05/03/2019  13:34:09  PAGE 2





OVERLAY MAP OF MODULE:   .\Objects\test (MAIN)


SEGMENT                                  DATA_GROUP 
  +--> CALLED SEGMENT                  START    LENGTH
------------------------------------------------------
?PR?INTERRUPT0?MAIN                    -----    -----
  +--> ?PR?_DELAYMS?MAIN

*** NEW ROOT ***************************************************

?PR?T0_TIME?MAIN                       -----    -----
  +--> ?PR?_MOVE?MAIN

?PR?_MOVE?MAIN                         -----    -----
  +--> ?PR?_DELAYMS?MAIN

*** NEW ROOT ***************************************************

?PR?INTERRUPT1?MAIN                    -----    -----
  +--> ?PR?_MOVE?MAIN

*** NEW ROOT ***************************************************

?PR?COM_INT?MAIN                       0013H    0001H
  +--> ?PR?_DELAYMS?MAIN
  +--> ?PR?_MOVE?MAIN

*** NEW ROOT ***************************************************

?C_C51STARTUP                          -----    -----
  +--> ?PR?MAIN?MAIN
  +--> ?C_INITSEG

?PR?MAIN?MAIN                          0014H    0004H
  +--> ?CO?MAIN
  +--> ?PR?LCD1602_INIT?MAIN
  +--> ?PR?TIMER_INIT?MAIN
  +--> ?PR?USARTCONFIGURATION?MAIN
  +--> ?PR?LCD1602_CLEAR?MAIN
  +--> ?PR?_LCD1602_WRITE_STRING?MAIN
  +--> ?PR?_LCD1602_WRITE_CHAR?MAIN
  +--> ?PR?KEYPRESS?MAIN
  +--> ?PR?KEYSCAN?MAIN
  +--> ?PR?_DELAYMS?MAIN
  +--> ?PR?_MOVE?MAIN
  +--> ?PR?LCD1602_TURN_RIGHT?MAIN
  +--> ?PR?LCD1602_TURN_LEFT?MAIN

?PR?LCD1602_INIT?MAIN                  -----    -----
  +--> ?PR?_LCD1602_WRITE_CMD?MAIN
  +--> ?PR?_DELAYMS?MAIN

?PR?_LCD1602_WRITE_CMD?MAIN            -----    -----
BL51 BANKED LINKER/LOCATER V6.22.2.0                                                  05/03/2019  13:34:09  PAGE 3


  +--> ?PR?_DELAYMS?MAIN

?PR?LCD1602_CLEAR?MAIN                 -----    -----
  +--> ?PR?_LCD1602_WRITE_CMD?MAIN
  +--> ?PR?_DELAYMS?MAIN

?PR?_LCD1602_WRITE_STRING?MAIN         -----    -----
  +--> ?PR?_LCD1602_WRITE_CMD?MAIN
  +--> ?PR?_LCD1602_WRITE_DATA?MAIN
  +--> ?PR?_DELAYMS?MAIN

?PR?_LCD1602_WRITE_DATA?MAIN           -----    -----
  +--> ?PR?_DELAYMS?MAIN

?PR?_LCD1602_WRITE_CHAR?MAIN           -----    -----
  +--> ?PR?_LCD1602_WRITE_CMD?MAIN
  +--> ?PR?_LCD1602_WRITE_DATA?MAIN

?PR?KEYSCAN?MAIN                       0018H    0001H
  +--> ?PR?_DELAYMS?MAIN
  +--> ?PR?KEYPRESS?MAIN

?PR?LCD1602_TURN_RIGHT?MAIN            -----    -----
  +--> ?PR?_LCD1602_WRITE_CMD?MAIN

?PR?LCD1602_TURN_LEFT?MAIN             -----    -----
  +--> ?PR?_LCD1602_WRITE_CMD?MAIN



SYMBOL TABLE OF MODULE:  .\Objects\test (MAIN)

  VALUE           TYPE          NAME
  ----------------------------------

  -------         MODULE        MAIN
  C:0000H         SYMBOL        _ICE_DUMMY_
  D:0080H         PUBLIC        P0
  D:0090H         PUBLIC        P1
  D:0008H         PUBLIC        KEYIN
  D:00A0H         PUBLIC        P2
  D:00B0H         PUBLIC        P3
  C:0720H         PUBLIC        Interrupt0
  C:0648H         PUBLIC        Interrupt1
  B:00A8H.7       PUBLIC        EA
  D:0009H         PUBLIC        PuZh
  C:0684H         PUBLIC        _lcd1602_write_string
  C:0798H         PUBLIC        _lcd1602_write_data
  D:00A8H         PUBLIC        IE
  C:0707H         PUBLIC        _lcd1602_write_char
  C:06B4H         PUBLIC        lcd1602_init
  B:00A8H.4       PUBLIC        ES
  C:05E4H         PUBLIC        _Move
  D:00B8H         PUBLIC        IP
  D:000DH         PUBLIC        level
  D:000EH         PUBLIC        dishu_shiji
  B:0098H.0       PUBLIC        RI
BL51 BANKED LINKER/LOCATER V6.22.2.0                                                  05/03/2019  13:34:09  PAGE 4


  B:0098H.1       PUBLIC        TI
  C:0783H         PUBLIC        _lcd1602_write_cmd
  B:00A0H.0       PUBLIC        buzzer
  C:0026H         PUBLIC        main
  C:0350H         PUBLIC        Com_Int
  C:000EH         PUBLIC        lcd1602_turn_right
  D:0099H         PUBLIC        SBUF
  D:0087H         PUBLIC        PCON
  C:0417H         PUBLIC        KeyScan
  B:00A0H.5       PUBLIC        lcd1602_en
  C:06EDH         PUBLIC        _DelayMs
  D:0098H         PUBLIC        SCON
  D:0089H         PUBLIC        TMOD
  D:0088H         PUBLIC        TCON
  C:0006H         PUBLIC        lcd1602_turn_left
  C:07C0H         PUBLIC        KeyPress
  C:07BDH         SYMBOL        _?ix1000
  B:00A0H.7       PUBLIC        lcd1602_rs
  B:00A0H.6       PUBLIC        lcd1602_rw
  B:00A8H.1       PUBLIC        ET0
  D:008CH         PUBLIC        TH0
  B:00A8H.0       PUBLIC        EX0
  B:0088H.0       PUBLIC        IT0
  D:008DH         PUBLIC        TH1
  B:00A8H.2       PUBLIC        EX1
  B:0088H.2       PUBLIC        IT1
  D:008AH         PUBLIC        TL0
  D:008BH         PUBLIC        TL1
  B:0088H.4       PUBLIC        TR0
  B:0088H.6       PUBLIC        TR1
  D:000FH         PUBLIC        diandi_number
  D:0010H         PUBLIC        dishu_sheding
  D:00C8H         PUBLIC        T2CON
  C:0016H         PUBLIC        lcd1602_clear
  D:0011H         PUBLIC        Number
  B:00A0H.1       PUBLIC        A1
  B:00A0H.2       PUBLIC        B1
  D:0012H         PUBLIC        Speed
  B:00A0H.3       PUBLIC        C1
  C:0757H         PUBLIC        UsartConfiguration
  B:00A0H.4       PUBLIC        D1
  C:0568H         PUBLIC        T0_Time
  C:073FH         PUBLIC        Timer_Init
  D:00D0H         PUBLIC        PSW
  C:06E7H         SYMBOL        L?0151
  C:06E9H         SYMBOL        L?0152
  -------         PROC          L?0150
  -------         ENDPROC       L?0150
  C:06E7H         SYMBOL        L?0151
  C:06E9H         SYMBOL        L?0152
  -------         PROC          _DELAYMS
  D:0007H         SYMBOL        i
  -------         DO            
  D:0005H         SYMBOL        x
  D:0006H         SYMBOL        j
  -------         ENDDO         
  C:06EDH         LINE#         16
BL51 BANKED LINKER/LOCATER V6.22.2.0                                                  05/03/2019  13:34:09  PAGE 5


  C:06EDH         LINE#         17
  C:06EDH         LINE#         20
  C:06F4H         LINE#         21
  C:0700H         LINE#         22
  -------         ENDPROC       _DELAYMS
  -------         PROC          _LCD1602_WRITE_CMD
  D:0007H         SYMBOL        cmd
  C:0783H         LINE#         14
  C:0783H         LINE#         15
  C:0783H         LINE#         18
  C:0785H         LINE#         19
  C:0787H         LINE#         20
  C:0789H         LINE#         21
  C:078BH         LINE#         22
  C:0790H         LINE#         23
  C:0792H         LINE#         24
  C:0795H         LINE#         25
  C:0797H         LINE#         26
  -------         ENDPROC       _LCD1602_WRITE_CMD
  -------         PROC          _LCD1602_WRITE_DATA
  D:0007H         SYMBOL        dat
  C:0798H         LINE#         30
  C:0798H         LINE#         31
  C:0798H         LINE#         34
  C:079AH         LINE#         35
  C:079CH         LINE#         36
  C:079EH         LINE#         37
  C:07A0H         LINE#         38
  C:07A5H         LINE#         39
  C:07A7H         LINE#         40
  C:07AAH         LINE#         41
  C:07ACH         LINE#         43
  -------         ENDPROC       _LCD1602_WRITE_DATA
  -------         PROC          LCD1602_INIT
  C:06B4H         LINE#         47
  C:06B4H         LINE#         48
  C:06B4H         LINE#         49
  C:06B6H         LINE#         50
  C:06BBH         LINE#         51
  C:06C0H         LINE#         52
  C:06C5H         LINE#         53
  C:06CAH         LINE#         54
  C:06CFH         LINE#         55
  C:06D4H         LINE#         56
  C:06D7H         LINE#         57
  -------         ENDPROC       LCD1602_INIT
  -------         PROC          LCD1602_CLEAR
  C:0016H         LINE#         63
  C:0016H         LINE#         64
  C:0016H         LINE#         65
  C:001BH         LINE#         66
  -------         ENDPROC       LCD1602_CLEAR
  -------         PROC          LCD1602_TURN_LEFT
  C:0006H         LINE#         71
  C:0006H         LINE#         72
  C:0006H         LINE#         73
  -------         ENDPROC       LCD1602_TURN_LEFT
BL51 BANKED LINKER/LOCATER V6.22.2.0                                                  05/03/2019  13:34:09  PAGE 6


  -------         PROC          LCD1602_TURN_RIGHT
  C:000EH         LINE#         78
  C:000EH         LINE#         79
  C:000EH         LINE#         80
  -------         ENDPROC       LCD1602_TURN_RIGHT
  -------         PROC          L?0153
  -------         ENDPROC       L?0153
  -------         PROC          _LCD1602_WRITE_CHAR
  D:0006H         SYMBOL        x
  D:0005H         SYMBOL        y
  D:0003H         SYMBOL        dat
  -------         DO            
  D:0004H         SYMBOL        address
  -------         ENDDO         
  C:0707H         LINE#         85
  C:0709H         LINE#         86
  C:0709H         LINE#         88
  C:070CH         LINE#         89
  C:0712H         LINE#         91
  C:0716H         LINE#         92
  C:071BH         LINE#         93
  -------         ENDPROC       _LCD1602_WRITE_CHAR
  -------         PROC          _LCD1602_WRITE_STRING
  D:0007H         SYMBOL        x
  D:0005H         SYMBOL        y
  D:0001H         SYMBOL        dat
  -------         DO            
  D:0004H         SYMBOL        address
  -------         ENDDO         
  C:0684H         LINE#         98
  C:0684H         LINE#         99
  C:0684H         LINE#         101
  C:0687H         LINE#         102
  C:068DH         LINE#         103
  C:0690H         LINE#         104
  C:0694H         LINE#         105
  C:0699H         LINE#         106
  C:06A2H         LINE#         107
  C:06A2H         LINE#         108
  C:06A5H         LINE#         109
  C:06ACH         LINE#         110
  C:06B1H         LINE#         111
  C:06B3H         LINE#         112
  -------         ENDPROC       _LCD1602_WRITE_STRING
  C:05E0H         SYMBOL        L?0155
  -------         PROC          L?0154
  -------         ENDPROC       L?0154
  C:05E0H         SYMBOL        L?0155
  -------         PROC          _MOVE
  D:0003H         SYMBOL        flag
  D:0004H         SYMBOL        s
  C:05E4H         LINE#         27
  C:05E8H         LINE#         28
  C:05E8H         LINE#         29
  C:05EBH         LINE#         30
  C:05F3H         LINE#         31
  C:05F8H         LINE#         32
BL51 BANKED LINKER/LOCATER V6.22.2.0                                                  05/03/2019  13:34:09  PAGE 7


  C:05F8H         LINE#         34
  C:05FEH         LINE#         35
  C:05FEH         LINE#         36
  C:0604H         LINE#         37
  C:0604H         LINE#         39
  C:0604H         LINE#         40
  C:0607H         LINE#         41
  C:060DH         LINE#         42
  C:0610H         LINE#         43
  C:0618H         LINE#         44
  C:061DH         LINE#         45
  C:061FH         LINE#         46
  C:0622H         LINE#         47
  C:0622H         LINE#         49
  C:0628H         LINE#         50
  C:0628H         LINE#         51
  C:0630H         LINE#         52
  C:0635H         LINE#         54
  C:063BH         LINE#         55
  C:063BH         LINE#         56
  C:063BH         LINE#         57
  C:063EH         LINE#         58
  C:0642H         LINE#         59
  C:0645H         LINE#         60
  C:0647H         LINE#         61
  C:0647H         LINE#         62
  -------         ENDPROC       _MOVE
  -------         PROC          KEYPRESS
  -------         DO            
  D:0007H         SYMBOL        keypress
  -------         ENDDO         
  C:07C0H         LINE#         7
  C:07C0H         LINE#         8
  C:07C0H         LINE#         10
  C:07C3H         LINE#         11
  C:07C5H         LINE#         12
  C:07C8H         LINE#         13
  C:07C8H         LINE#         14
  C:07CBH         LINE#         15
  C:07CBH         LINE#         17
  C:07CBH         LINE#         18
  C:07CDH         LINE#         19
  C:07CFH         LINE#         20
  C:07CFH         LINE#         21
  -------         ENDPROC       KEYPRESS
  -------         PROC          KEYSCAN
  -------         DO            
  D:0007H         SYMBOL        keyout
  D:0006H         SYMBOL        index
  D:0007H         SYMBOL        keycode
  D:0018H         SYMBOL        keyvalue
  -------         ENDDO         
  C:0417H         LINE#         25
  C:0417H         LINE#         26
  C:0417H         LINE#         28
  C:041CH         LINE#         29
  C:041FH         LINE#         30
BL51 BANKED LINKER/LOCATER V6.22.2.0                                                  05/03/2019  13:34:09  PAGE 8


  C:0421H         LINE#         31
  C:042AH         LINE#         32
  C:042AH         LINE#         33
  C:042AH         LINE#         34
  C:042AH         LINE#         35
  C:0439H         LINE#         36
  C:043AH         LINE#         37
  C:043DH         LINE#         38
  C:0442H         LINE#         39
  C:044AH         LINE#         40
  C:044AH         LINE#         41
  C:044DH         LINE#         42
  C:044DH         LINE#         43
  C:044DH         LINE#         45
  C:044DH         LINE#         46
  C:0484H         LINE#         47
  C:0484H         LINE#         48
  C:0489H         LINE#         49
  C:048EH         LINE#         50
  C:0493H         LINE#         51
  C:0498H         LINE#         53
  C:049DH         LINE#         54
  C:04A2H         LINE#         55
  C:04A7H         LINE#         56
  C:04ACH         LINE#         58
  C:04B1H         LINE#         59
  C:04B6H         LINE#         60
  C:04BBH         LINE#         61
  C:04C0H         LINE#         63
  C:04C5H         LINE#         64
  C:04CAH         LINE#         65
  C:04CFH         LINE#         66
  C:04D4H         LINE#         67
  C:04D4H         LINE#         68
  C:04D4H         LINE#         69
  C:04D6H         LINE#         71
  C:04D6H         LINE#         72
  C:04D9H         LINE#         73
  C:04D9H         LINE#         74
  C:04DBH         LINE#         75
  -------         ENDPROC       KEYSCAN
  -------         PROC          TIMER_INIT
  C:073FH         LINE#         22
  C:073FH         LINE#         23
  C:073FH         LINE#         24
  C:0742H         LINE#         26
  C:0745H         LINE#         27
  C:0748H         LINE#         29
  C:074AH         LINE#         31
  C:074CH         LINE#         33
  C:074EH         LINE#         35
  C:0750H         LINE#         36
  C:0752H         LINE#         37
  C:0754H         LINE#         38
  C:0756H         LINE#         39
  -------         ENDPROC       TIMER_INIT
  -------         PROC          USARTCONFIGURATION
BL51 BANKED LINKER/LOCATER V6.22.2.0                                                  05/03/2019  13:34:09  PAGE 9


  C:0757H         LINE#         48
  C:0757H         LINE#         49
  C:0757H         LINE#         50
  C:075AH         LINE#         51
  C:075DH         LINE#         52
  C:0760H         LINE#         53
  C:0763H         LINE#         54
  C:0766H         LINE#         55
  C:0768H         LINE#         56
  C:076AH         LINE#         57
  C:076CH         LINE#         58
  -------         ENDPROC       USARTCONFIGURATION
  -------         PROC          INTERRUPT0
  C:0720H         LINE#         64
  C:072DH         LINE#         66
  C:072FH         LINE#         67
  C:0734H         LINE#         68
  -------         ENDPROC       INTERRUPT0
  -------         PROC          T0_TIME
  C:0568H         LINE#         72
  C:0579H         LINE#         75
  C:057CH         LINE#         76
  C:057FH         LINE#         77
  C:0581H         LINE#         78
  C:058BH         LINE#         79
  C:058BH         LINE#         80
  C:058DH         LINE#         81
  C:0590H         LINE#         82
  C:059AH         LINE#         83
  C:059AH         LINE#         85
  C:05A1H         LINE#         86
  C:05A1H         LINE#         87
  C:05A3H         LINE#         88
  C:05A7H         LINE#         89
  C:05A7H         LINE#         90
  C:05A9H         LINE#         91
  C:05BEH         LINE#         92
  C:05BEH         LINE#         94
  C:05C5H         LINE#         95
  C:05C5H         LINE#         96
  C:05C7H         LINE#         97
  C:05CEH         LINE#         98
  C:05CEH         LINE#         100
  C:05CEH         LINE#         103
  C:05D1H         LINE#         104
  C:05D1H         LINE#         105
  -------         ENDPROC       T0_TIME
  -------         PROC          INTERRUPT1
  -------         DO            
  D:0002H         SYMBOL        i
  -------         ENDDO         
  C:0648H         LINE#         109
  C:065BH         LINE#         111
  C:065DH         LINE#         112
  C:0668H         LINE#         113
  C:0668H         LINE#         114
  C:066BH         LINE#         115
BL51 BANKED LINKER/LOCATER V6.22.2.0                                                  05/03/2019  13:34:09  PAGE 10


  C:066EH         LINE#         116
  C:0671H         LINE#         117
  C:0673H         LINE#         118
  -------         ENDPROC       INTERRUPT1
  -------         PROC          COM_INT
  -------         DO            
  D:0003H         SYMBOL        i
  D:0004H         SYMBOL        receive_data
  -------         DO            
  D:0013H         SYMBOL        i
  -------         ENDDO         
  -------         ENDDO         
  C:0350H         LINE#         125
  C:0365H         LINE#         130
  C:0367H         LINE#         132
  C:036DH         LINE#         133
  C:036DH         LINE#         134
  C:036FH         LINE#         135
  C:0371H         LINE#         137
  C:0376H         LINE#         138
  C:0376H         LINE#         139
  C:0380H         LINE#         140
  C:0390H         LINE#         141
  C:039CH         LINE#         142
  C:039FH         LINE#         143
  C:03A1H         LINE#         144
  C:03A1H         LINE#         145
  C:03A8H         LINE#         146
  C:03ABH         LINE#         147
  C:03ADH         LINE#         148
  C:03B2H         LINE#         150
  C:03B8H         LINE#         151
  C:03B8H         LINE#         152
  C:03BBH         LINE#         153
  C:03BBH         LINE#         154
  C:03BDH         LINE#         155
  C:03BFH         LINE#         156
  C:03C2H         LINE#         157
  C:03C2H         LINE#         158
  C:03C9H         LINE#         159
  C:03C9H         LINE#         160
  C:03CBH         LINE#         161
  C:03CFH         LINE#         162
  C:03CFH         LINE#         163
  C:03D1H         LINE#         164
  C:03D4H         LINE#         165
  C:03D4H         LINE#         166
  C:03DBH         LINE#         167
  C:03DBH         LINE#         168
  C:03DDH         LINE#         169
  C:03E4H         LINE#         170
  C:03E4H         LINE#         171
  C:03E6H         LINE#         172
  C:03E9H         LINE#         173
  C:03E9H         LINE#         174
  C:03ECH         LINE#         175
  C:03F8H         LINE#         176
BL51 BANKED LINKER/LOCATER V6.22.2.0                                                  05/03/2019  13:34:09  PAGE 11


  C:03F8H         LINE#         177
  C:03FBH         LINE#         178
  C:03FFH         LINE#         179
  C:0402H         LINE#         180
  C:0402H         LINE#         183
  C:0402H         LINE#         186
  C:0404H         LINE#         187
  -------         ENDPROC       COM_INT
  -------         PROC          MAIN
  -------         DO            
  D:0002H         SYMBOL        keyvalue
  D:0001H         SYMBOL        k
  D:0014H         SYMBOL        value
  D:0017H         SYMBOL        i
  -------         ENDDO         
  C:0026H         LINE#         190
  C:0026H         LINE#         191
  C:0026H         LINE#         195
  C:0039H         LINE#         198
  C:003BH         LINE#         199
  C:003EH         LINE#         200
  C:0041H         LINE#         201
  C:0044H         LINE#         204
  C:0044H         LINE#         205
  C:0044H         LINE#         206
  C:0047H         LINE#         207
  C:0053H         LINE#         208
  C:005EH         LINE#         209
  C:0069H         LINE#         210
  C:0074H         LINE#         211
  C:007EH         LINE#         212
  C:008EH         LINE#         213
  C:00A0H         LINE#         216
  C:00A9H         LINE#         217
  C:00A9H         LINE#         218
  C:00AEH         LINE#         220
  C:00B3H         LINE#         221
  C:00B3H         LINE#         222
  C:00B8H         LINE#         223
  C:00B8H         LINE#         224
  C:00B8H         LINE#         225
  C:00BEH         LINE#         226
  C:00BEH         LINE#         227
  C:00C3H         LINE#         228
  C:00C6H         LINE#         229
  C:00C6H         LINE#         230
  C:00C9H         LINE#         231
  C:00C9H         LINE#         232
  C:00CCH         LINE#         233
  C:00CCH         LINE#         234
  C:00D3H         LINE#         235
  C:00D3H         LINE#         236
  C:00D6H         LINE#         237
  C:00D6H         LINE#         238
  C:00D9H         LINE#         239
  C:00DBH         LINE#         240
  C:00DBH         LINE#         241
BL51 BANKED LINKER/LOCATER V6.22.2.0                                                  05/03/2019  13:34:09  PAGE 12


  C:00E3H         LINE#         242
  C:00E3H         LINE#         243
  C:00E3H         LINE#         244
  C:00E3H         LINE#         246
  C:00E8H         LINE#         247
  C:00E8H         LINE#         248
  C:00EDH         LINE#         249
  C:00EDH         LINE#         250
  C:00EDH         LINE#         251
  C:00F3H         LINE#         252
  C:00F3H         LINE#         253
  C:00F8H         LINE#         254
  C:00FBH         LINE#         255
  C:00FBH         LINE#         256
  C:00FEH         LINE#         257
  C:0105H         LINE#         258
  C:0105H         LINE#         259
  C:010AH         LINE#         260
  C:010DH         LINE#         261
  C:010FH         LINE#         262
  C:010FH         LINE#         263
  C:0112H         LINE#         264
  C:0112H         LINE#         265
  C:0115H         LINE#         266
  C:011CH         LINE#         267
  C:011CH         LINE#         268
  C:0121H         LINE#         269
  C:0124H         LINE#         270
  C:0126H         LINE#         271
  C:0126H         LINE#         272
  C:0129H         LINE#         273
  C:0129H         LINE#         274
  C:012CH         LINE#         275
  C:012EH         LINE#         276
  C:012EH         LINE#         277
  C:0136H         LINE#         278
  C:0136H         LINE#         279
  C:0136H         LINE#         281
  C:0136H         LINE#         284
  C:013EH         LINE#         285
  C:013EH         LINE#         286
  C:0143H         LINE#         287
  C:0145H         LINE#         288
  C:0145H         LINE#         289
  C:0145H         LINE#         290
  C:014AH         LINE#         291
  C:0150H         LINE#         292
  C:0150H         LINE#         293
  C:0155H         LINE#         294
  C:0184H         LINE#         295
  C:0184H         LINE#         296
  C:0187H         LINE#         297
  C:0187H         LINE#         298
  C:0189H         LINE#         299
  C:018BH         LINE#         300
  C:018EH         LINE#         301
  C:018EH         LINE#         302
BL51 BANKED LINKER/LOCATER V6.22.2.0                                                  05/03/2019  13:34:09  PAGE 13


  C:0190H         LINE#         303
  C:0192H         LINE#         304
  C:0195H         LINE#         305
  C:0195H         LINE#         306
  C:0197H         LINE#         307
  C:0197H         LINE#         308
  C:019BH         LINE#         309
  C:01A3H         LINE#         310
  C:01A5H         LINE#         311
  C:01A8H         LINE#         312
  C:01A8H         LINE#         313
  C:01A9H         LINE#         314
  C:01ABH         LINE#         315
  C:01AEH         LINE#         316
  C:01AEH         LINE#         317
  C:01AFH         LINE#         318
  C:01B1H         LINE#         319
  C:01B4H         LINE#         320
  C:01B4H         LINE#         321
  C:01C6H         LINE#         322
  C:01C8H         LINE#         323
  C:01C8H         LINE#         325
  C:01D3H         LINE#         326
  C:01D3H         LINE#         327
  C:01D3H         LINE#         328
  C:01D3H         LINE#         329
  C:01DBH         LINE#         330
  C:01DBH         LINE#         331
  C:01EBH         LINE#         332
  C:0201H         LINE#         333
  C:0213H         LINE#         334
  C:0213H         LINE#         336
  C:0218H         LINE#         337
  -------         ENDPROC       MAIN
  -------         ENDMOD        MAIN

  -------         MODULE        ?C?COPY
  C:02EBH         PUBLIC        ?C?COPY
  -------         ENDMOD        ?C?COPY

  -------         MODULE        ?C?CLDPTR
  C:0311H         PUBLIC        ?C?CLDPTR
  -------         ENDMOD        ?C?CLDPTR

  -------         MODULE        ?C?CCASE
  C:032AH         PUBLIC        ?C?CCASE
  -------         ENDMOD        ?C?CCASE

Program Size: data=26.0 xdata=0 code=1997
LINK/LOCATE RUN COMPLETE.  0 WARNING(S),  0 ERROR(S)
